mode: set
github.com/smanhack/gophkeeper/internal/client/interceptor/auth.go:17.98,22.2 1 0
github.com/smanhack/gophkeeper/internal/client/interceptor/auth.go:25.63,33.10 1 0
github.com/smanhack/gophkeeper/internal/client/interceptor/auth.go:33.10,34.33 1 0
github.com/smanhack/gophkeeper/internal/client/interceptor/auth.go:34.33,37.19 2 0
github.com/smanhack/gophkeeper/internal/client/interceptor/auth.go:37.19,39.5 1 0
github.com/smanhack/gophkeeper/internal/client/interceptor/auth.go:41.4,41.81 1 0
github.com/smanhack/gophkeeper/internal/client/interceptor/auth.go:44.3,44.55 1 0
github.com/smanhack/gophkeeper/internal/client/config/config.go:23.25,27.2 2 0
github.com/smanhack/gophkeeper/internal/client/config/config.go:29.26,30.40 1 0
github.com/smanhack/gophkeeper/internal/client/config/config.go:30.40,32.3 1 0
github.com/smanhack/gophkeeper/cmd/client/main.go:17.13,33.2 6 0
github.com/smanhack/gophkeeper/internal/client/prompt/completer.go:7.32,9.2 1 0
github.com/smanhack/gophkeeper/internal/client/prompt/completer.go:11.66,14.38 2 0
github.com/smanhack/gophkeeper/internal/client/prompt/completer.go:14.38,32.3 1 0
github.com/smanhack/gophkeeper/internal/client/prompt/completer.go:34.2,34.65 1 0
github.com/smanhack/gophkeeper/internal/client/prompt/executor.go:24.58,26.16 2 0
github.com/smanhack/gophkeeper/internal/client/prompt/executor.go:26.16,27.13 1 0
github.com/smanhack/gophkeeper/internal/client/prompt/executor.go:30.2,34.24 2 0
github.com/smanhack/gophkeeper/internal/client/prompt/executor.go:34.24,36.3 1 0
github.com/smanhack/gophkeeper/internal/client/prompt/executor.go:39.69,43.38 3 0
github.com/smanhack/gophkeeper/internal/client/prompt/executor.go:43.38,45.3 1 0
github.com/smanhack/gophkeeper/internal/client/prompt/executor.go:47.2,50.23 3 0
github.com/smanhack/gophkeeper/internal/client/prompt/executor.go:51.15,52.50 1 0
github.com/smanhack/gophkeeper/internal/client/prompt/executor.go:52.50,55.4 2 0
github.com/smanhack/gophkeeper/internal/client/prompt/executor.go:57.3,58.9 2 0
github.com/smanhack/gophkeeper/internal/client/prompt/executor.go:59.18,60.53 1 0
github.com/smanhack/gophkeeper/internal/client/prompt/executor.go:60.53,63.4 2 0
github.com/smanhack/gophkeeper/internal/client/prompt/executor.go:65.3,67.9 2 0
github.com/smanhack/gophkeeper/internal/client/prompt/executor.go:68.21,69.43 1 0
github.com/smanhack/gophkeeper/internal/client/prompt/executor.go:69.43,72.4 2 0
github.com/smanhack/gophkeeper/internal/client/prompt/executor.go:74.3,76.9 2 0
github.com/smanhack/gophkeeper/internal/client/prompt/executor.go:77.16,78.39 1 0
github.com/smanhack/gophkeeper/internal/client/prompt/executor.go:78.39,81.4 2 0
github.com/smanhack/gophkeeper/internal/client/prompt/executor.go:83.3,84.9 2 0
github.com/smanhack/gophkeeper/internal/client/prompt/executor.go:85.15,87.17 2 0
github.com/smanhack/gophkeeper/internal/client/prompt/executor.go:87.17,90.4 2 0
github.com/smanhack/gophkeeper/internal/client/prompt/executor.go:92.3,92.27 1 0
github.com/smanhack/gophkeeper/internal/client/prompt/executor.go:92.27,94.4 1 0
github.com/smanhack/gophkeeper/internal/client/prompt/executor.go:96.3,96.9 1 0
github.com/smanhack/gophkeeper/internal/client/prompt/executor.go:97.21,98.55 1 0
github.com/smanhack/gophkeeper/internal/client/prompt/executor.go:98.55,101.4 2 0
github.com/smanhack/gophkeeper/internal/client/prompt/executor.go:102.3,102.9 1 0
github.com/smanhack/gophkeeper/internal/client/prompt/executor.go:103.21,104.55 1 0
github.com/smanhack/gophkeeper/internal/client/prompt/executor.go:104.55,107.4 2 0
github.com/smanhack/gophkeeper/internal/client/prompt/executor.go:109.3,109.9 1 0
github.com/smanhack/gophkeeper/internal/client/prompt/executor.go:110.23,111.57 1 0
github.com/smanhack/gophkeeper/internal/client/prompt/executor.go:111.57,114.4 2 0
github.com/smanhack/gophkeeper/internal/client/prompt/executor.go:116.3,116.9 1 0
github.com/smanhack/gophkeeper/internal/client/prompt/executor.go:117.21,118.55 1 0
github.com/smanhack/gophkeeper/internal/client/prompt/executor.go:118.55,121.4 2 0
github.com/smanhack/gophkeeper/internal/client/prompt/executor.go:123.3,123.9 1 0
github.com/smanhack/gophkeeper/internal/client/prompt/executor.go:124.23,125.57 1 0
github.com/smanhack/gophkeeper/internal/client/prompt/executor.go:125.57,128.4 2 0
github.com/smanhack/gophkeeper/internal/client/prompt/executor.go:130.3,130.9 1 0
github.com/smanhack/gophkeeper/internal/client/prompt/executor.go:131.29,133.17 2 0
github.com/smanhack/gophkeeper/internal/client/prompt/executor.go:133.17,136.4 2 0
github.com/smanhack/gophkeeper/internal/client/prompt/executor.go:138.3,138.31 1 0
github.com/smanhack/gophkeeper/internal/client/prompt/executor.go:138.31,140.4 1 0
github.com/smanhack/gophkeeper/internal/client/prompt/executor.go:142.3,142.9 1 0
github.com/smanhack/gophkeeper/internal/client/prompt/executor.go:143.20,145.17 2 0
github.com/smanhack/gophkeeper/internal/client/prompt/executor.go:145.17,148.4 2 0
github.com/smanhack/gophkeeper/internal/client/prompt/executor.go:150.3,152.9 2 0
github.com/smanhack/gophkeeper/internal/client/prompt/executor.go:153.27,154.60 1 0
github.com/smanhack/gophkeeper/internal/client/prompt/executor.go:154.60,157.4 2 0
github.com/smanhack/gophkeeper/internal/client/prompt/executor.go:158.3,158.9 1 0
github.com/smanhack/gophkeeper/internal/client/prompt/executor.go:159.21,160.64 1 0
github.com/smanhack/gophkeeper/internal/client/prompt/executor.go:160.64,163.4 2 0
github.com/smanhack/gophkeeper/internal/client/prompt/executor.go:165.3,165.9 1 0
github.com/smanhack/gophkeeper/internal/client/prompt/executor.go:166.14,170.13 3 0
github.com/smanhack/gophkeeper/internal/client/prompt/executor.go:174.68,175.23 1 0
github.com/smanhack/gophkeeper/internal/client/prompt/executor.go:176.9,177.61 1 0
github.com/smanhack/gophkeeper/internal/client/prompt/executor.go:178.9,179.71 1 0
github.com/smanhack/gophkeeper/internal/client/prompt/executor.go:182.2,185.16 3 0
github.com/smanhack/gophkeeper/internal/client/prompt/executor.go:185.16,188.20 2 0
github.com/smanhack/gophkeeper/internal/client/prompt/executor.go:189.23,190.46 1 0
github.com/smanhack/gophkeeper/internal/client/prompt/executor.go:191.11,192.46 1 0
github.com/smanhack/gophkeeper/internal/client/prompt/executor.go:196.2,205.12 6 0
github.com/smanhack/gophkeeper/internal/client/prompt/executor.go:208.71,209.23 1 0
github.com/smanhack/gophkeeper/internal/client/prompt/executor.go:210.9,211.61 1 0
github.com/smanhack/gophkeeper/internal/client/prompt/executor.go:212.9,213.71 1 0
github.com/smanhack/gophkeeper/internal/client/prompt/executor.go:216.2,218.16 3 0
github.com/smanhack/gophkeeper/internal/client/prompt/executor.go:218.16,219.27 1 0
github.com/smanhack/gophkeeper/internal/client/prompt/executor.go:220.30,221.70 1 0
github.com/smanhack/gophkeeper/internal/client/prompt/executor.go:222.11,223.14 1 0
github.com/smanhack/gophkeeper/internal/client/prompt/executor.go:227.2,229.12 2 0
github.com/smanhack/gophkeeper/internal/client/prompt/executor.go:232.58,234.16 2 0
github.com/smanhack/gophkeeper/internal/client/prompt/executor.go:234.16,236.3 1 0
github.com/smanhack/gophkeeper/internal/client/prompt/executor.go:238.2,240.12 2 0
github.com/smanhack/gophkeeper/internal/client/prompt/executor.go:243.54,251.2 4 0
github.com/smanhack/gophkeeper/internal/client/prompt/executor.go:253.77,255.16 2 0
github.com/smanhack/gophkeeper/internal/client/prompt/executor.go:255.16,257.3 1 0
github.com/smanhack/gophkeeper/internal/client/prompt/executor.go:259.2,260.49 2 0
github.com/smanhack/gophkeeper/internal/client/prompt/executor.go:260.49,265.3 1 0
github.com/smanhack/gophkeeper/internal/client/prompt/executor.go:267.2,267.20 1 0
github.com/smanhack/gophkeeper/internal/client/prompt/executor.go:270.73,271.23 1 0
github.com/smanhack/gophkeeper/internal/client/prompt/executor.go:272.9,273.61 1 0
github.com/smanhack/gophkeeper/internal/client/prompt/executor.go:274.9,275.71 1 0
github.com/smanhack/gophkeeper/internal/client/prompt/executor.go:276.9,277.75 1 0
github.com/smanhack/gophkeeper/internal/client/prompt/executor.go:280.2,288.23 3 0
github.com/smanhack/gophkeeper/internal/client/prompt/executor.go:288.23,290.3 1 0
github.com/smanhack/gophkeeper/internal/client/prompt/executor.go:292.2,292.87 1 0
github.com/smanhack/gophkeeper/internal/client/prompt/executor.go:292.87,294.3 1 0
github.com/smanhack/gophkeeper/internal/client/prompt/executor.go:296.2,296.12 1 0
github.com/smanhack/gophkeeper/internal/client/prompt/executor.go:299.73,300.23 1 0
github.com/smanhack/gophkeeper/internal/client/prompt/executor.go:301.9,302.57 1 0
github.com/smanhack/gophkeeper/internal/client/prompt/executor.go:303.9,304.67 1 0
github.com/smanhack/gophkeeper/internal/client/prompt/executor.go:307.2,314.23 3 0
github.com/smanhack/gophkeeper/internal/client/prompt/executor.go:314.23,316.3 1 0
github.com/smanhack/gophkeeper/internal/client/prompt/executor.go:318.2,318.90 1 0
github.com/smanhack/gophkeeper/internal/client/prompt/executor.go:318.90,320.3 1 0
github.com/smanhack/gophkeeper/internal/client/prompt/executor.go:322.2,322.12 1 0
github.com/smanhack/gophkeeper/internal/client/prompt/executor.go:325.75,326.23 1 0
github.com/smanhack/gophkeeper/internal/client/prompt/executor.go:327.9,328.61 1 0
github.com/smanhack/gophkeeper/internal/client/prompt/executor.go:329.9,330.71 1 0
github.com/smanhack/gophkeeper/internal/client/prompt/executor.go:333.2,340.16 3 0
github.com/smanhack/gophkeeper/internal/client/prompt/executor.go:340.16,342.3 1 0
github.com/smanhack/gophkeeper/internal/client/prompt/executor.go:343.2,343.15 1 0
github.com/smanhack/gophkeeper/internal/client/prompt/executor.go:343.15,344.45 1 0
github.com/smanhack/gophkeeper/internal/client/prompt/executor.go:344.45,346.4 1 0
github.com/smanhack/gophkeeper/internal/client/prompt/executor.go:349.2,350.20 2 0
github.com/smanhack/gophkeeper/internal/client/prompt/executor.go:350.20,352.3 1 0
github.com/smanhack/gophkeeper/internal/client/prompt/executor.go:354.2,355.22 2 0
github.com/smanhack/gophkeeper/internal/client/prompt/executor.go:355.22,357.3 1 0
github.com/smanhack/gophkeeper/internal/client/prompt/executor.go:359.2,359.12 1 0
github.com/smanhack/gophkeeper/internal/client/prompt/executor.go:362.73,363.23 1 0
github.com/smanhack/gophkeeper/internal/client/prompt/executor.go:364.9,365.61 1 0
github.com/smanhack/gophkeeper/internal/client/prompt/executor.go:366.9,367.69 1 0
github.com/smanhack/gophkeeper/internal/client/prompt/executor.go:368.9,369.79 1 0
github.com/smanhack/gophkeeper/internal/client/prompt/executor.go:370.9,371.86 1 0
github.com/smanhack/gophkeeper/internal/client/prompt/executor.go:374.2,383.15 3 0
github.com/smanhack/gophkeeper/internal/client/prompt/executor.go:383.15,385.3 1 0
github.com/smanhack/gophkeeper/internal/client/prompt/executor.go:387.2,387.114 1 0
github.com/smanhack/gophkeeper/internal/client/prompt/executor.go:387.114,389.3 1 0
github.com/smanhack/gophkeeper/internal/client/prompt/executor.go:391.2,391.12 1 0
github.com/smanhack/gophkeeper/internal/client/prompt/executor.go:394.75,395.23 1 0
github.com/smanhack/gophkeeper/internal/client/prompt/executor.go:396.9,397.62 1 0
github.com/smanhack/gophkeeper/internal/client/prompt/executor.go:400.2,401.20 2 0
github.com/smanhack/gophkeeper/internal/client/prompt/executor.go:401.20,403.3 1 0
github.com/smanhack/gophkeeper/internal/client/prompt/executor.go:405.2,405.67 1 0
github.com/smanhack/gophkeeper/internal/client/prompt/executor.go:405.67,407.3 1 0
github.com/smanhack/gophkeeper/internal/client/prompt/executor.go:409.2,409.12 1 0
github.com/smanhack/gophkeeper/internal/client/prompt/executor.go:412.103,413.23 1 0
github.com/smanhack/gophkeeper/internal/client/prompt/executor.go:414.9,415.72 1 0
github.com/smanhack/gophkeeper/internal/client/prompt/executor.go:418.2,419.20 2 0
github.com/smanhack/gophkeeper/internal/client/prompt/executor.go:419.20,421.3 1 0
github.com/smanhack/gophkeeper/internal/client/prompt/executor.go:423.2,424.16 2 0
github.com/smanhack/gophkeeper/internal/client/prompt/executor.go:424.16,426.3 1 0
github.com/smanhack/gophkeeper/internal/client/prompt/executor.go:428.2,429.30 2 0
github.com/smanhack/gophkeeper/internal/client/prompt/executor.go:429.30,434.3 1 0
github.com/smanhack/gophkeeper/internal/client/prompt/executor.go:436.2,436.20 1 0
github.com/smanhack/gophkeeper/internal/client/prompt/executor.go:439.87,440.23 1 0
github.com/smanhack/gophkeeper/internal/client/prompt/executor.go:441.9,442.67 1 0
github.com/smanhack/gophkeeper/internal/client/prompt/executor.go:445.2,446.20 2 0
github.com/smanhack/gophkeeper/internal/client/prompt/executor.go:446.20,448.3 1 0
github.com/smanhack/gophkeeper/internal/client/prompt/executor.go:450.2,451.16 2 0
github.com/smanhack/gophkeeper/internal/client/prompt/executor.go:451.16,453.20 2 0
github.com/smanhack/gophkeeper/internal/client/prompt/executor.go:454.23,455.46 1 0
github.com/smanhack/gophkeeper/internal/client/prompt/executor.go:456.11,457.19 1 0
github.com/smanhack/gophkeeper/internal/client/prompt/executor.go:461.2,461.20 1 0
github.com/smanhack/gophkeeper/internal/client/prompt/executor.go:464.78,465.23 1 0
github.com/smanhack/gophkeeper/internal/client/prompt/executor.go:466.9,467.71 1 0
github.com/smanhack/gophkeeper/internal/client/prompt/executor.go:468.9,469.57 1 0
github.com/smanhack/gophkeeper/internal/client/prompt/executor.go:472.2,473.20 2 0
github.com/smanhack/gophkeeper/internal/client/prompt/executor.go:473.20,475.3 1 0
github.com/smanhack/gophkeeper/internal/client/prompt/executor.go:477.2,478.16 2 0
github.com/smanhack/gophkeeper/internal/client/prompt/executor.go:478.16,480.3 1 0
github.com/smanhack/gophkeeper/internal/client/prompt/executor.go:482.2,482.12 1 0
github.com/smanhack/gophkeeper/internal/client/prompt/executor.go:485.87,493.18 3 0
github.com/smanhack/gophkeeper/internal/client/prompt/executor.go:493.18,495.21 2 0
github.com/smanhack/gophkeeper/internal/client/prompt/executor.go:495.21,497.4 1 0
github.com/smanhack/gophkeeper/internal/client/prompt/executor.go:499.3,500.21 2 0
github.com/smanhack/gophkeeper/internal/client/prompt/executor.go:500.21,502.4 1 0
github.com/smanhack/gophkeeper/internal/client/prompt/executor.go:504.3,504.21 1 0
github.com/smanhack/gophkeeper/internal/client/prompt/executor.go:505.10,506.19 1 0
github.com/smanhack/gophkeeper/internal/client/prompt/executor.go:507.11,508.63 1 0
github.com/smanhack/gophkeeper/internal/client/prompt/executor.go:509.11,510.73 1 0
github.com/smanhack/gophkeeper/internal/client/prompt/executor.go:511.12,519.23 2 0
github.com/smanhack/gophkeeper/internal/client/prompt/executor.go:519.23,521.6 1 0
github.com/smanhack/gophkeeper/internal/client/prompt/executor.go:523.10,524.19 1 0
github.com/smanhack/gophkeeper/internal/client/prompt/executor.go:525.11,526.59 1 0
github.com/smanhack/gophkeeper/internal/client/prompt/executor.go:527.12,534.23 2 0
github.com/smanhack/gophkeeper/internal/client/prompt/executor.go:534.23,536.6 1 0
github.com/smanhack/gophkeeper/internal/client/prompt/executor.go:538.10,539.19 1 0
github.com/smanhack/gophkeeper/internal/client/prompt/executor.go:540.11,541.63 1 0
github.com/smanhack/gophkeeper/internal/client/prompt/executor.go:542.12,549.23 2 0
github.com/smanhack/gophkeeper/internal/client/prompt/executor.go:549.23,551.6 1 0
github.com/smanhack/gophkeeper/internal/client/prompt/executor.go:553.10,554.19 1 0
github.com/smanhack/gophkeeper/internal/client/prompt/executor.go:555.11,556.63 1 0
github.com/smanhack/gophkeeper/internal/client/prompt/executor.go:557.11,558.71 1 0
github.com/smanhack/gophkeeper/internal/client/prompt/executor.go:559.11,560.84 1 0
github.com/smanhack/gophkeeper/internal/client/prompt/executor.go:561.12,570.23 2 0
github.com/smanhack/gophkeeper/internal/client/prompt/executor.go:570.23,572.6 1 0
github.com/smanhack/gophkeeper/internal/client/prompt/executor.go:575.8,577.3 1 0
github.com/smanhack/gophkeeper/internal/client/prompt/executor.go:579.2,579.116 1 0
github.com/smanhack/gophkeeper/internal/client/prompt/executor.go:579.116,584.44 3 0
github.com/smanhack/gophkeeper/internal/client/prompt/executor.go:584.44,593.4 5 0
github.com/smanhack/gophkeeper/internal/client/prompt/executor.go:595.3,595.13 1 0
github.com/smanhack/gophkeeper/internal/client/prompt/executor.go:598.2,598.12 1 0
github.com/smanhack/gophkeeper/internal/client/prompt/executor.go:601.69,611.39 6 0
github.com/smanhack/gophkeeper/internal/client/prompt/executor.go:611.39,612.44 1 0
github.com/smanhack/gophkeeper/internal/client/prompt/executor.go:612.44,619.12 5 0
github.com/smanhack/gophkeeper/internal/client/prompt/executor.go:621.3,621.45 1 0
github.com/smanhack/gophkeeper/internal/client/prompt/executor.go:624.2,624.26 1 0
github.com/smanhack/gophkeeper/cmd/server/main.go:13.13,18.16 4 0
github.com/smanhack/gophkeeper/cmd/server/main.go:18.16,22.3 2 0
github.com/smanhack/gophkeeper/cmd/server/main.go:24.2,30.48 4 0
github.com/smanhack/gophkeeper/internal/client/app/app.go:35.29,39.16 3 0
github.com/smanhack/gophkeeper/internal/client/app/app.go:39.16,41.3 1 0
github.com/smanhack/gophkeeper/internal/client/app/app.go:43.2,61.20 5 0
github.com/smanhack/gophkeeper/internal/client/app/app.go:61.20,63.3 1 0
github.com/smanhack/gophkeeper/internal/client/app/app.go:65.2,70.18 5 0
github.com/smanhack/gophkeeper/internal/client/app/app.go:70.18,72.3 1 0
github.com/smanhack/gophkeeper/internal/client/app/app.go:74.2,88.41 12 0
github.com/smanhack/gophkeeper/internal/client/app/app.go:88.41,92.27 3 0
github.com/smanhack/gophkeeper/internal/client/app/app.go:92.27,94.4 1 0
github.com/smanhack/gophkeeper/internal/client/app/app.go:96.2,96.16 1 0
github.com/smanhack/gophkeeper/internal/client/app/app.go:96.16,98.3 1 0
github.com/smanhack/gophkeeper/internal/client/app/app.go:100.2,101.17 2 0
github.com/smanhack/gophkeeper/internal/client/app/app.go:104.40,108.2 3 0
github.com/smanhack/gophkeeper/internal/client/app/app.go:110.35,114.2 3 0
github.com/smanhack/gophkeeper/internal/server/config/config.go:24.25,28.2 2 0
github.com/smanhack/gophkeeper/internal/server/config/config.go:30.34,32.2 1 0
github.com/smanhack/gophkeeper/internal/server/config/config.go:34.26,35.40 1 0
github.com/smanhack/gophkeeper/internal/server/config/config.go:35.40,37.3 1 0
github.com/smanhack/gophkeeper/internal/server/app/app.go:30.48,35.18 4 0
github.com/smanhack/gophkeeper/internal/server/app/app.go:35.18,37.3 1 0
github.com/smanhack/gophkeeper/internal/server/app/app.go:39.2,40.16 2 0
github.com/smanhack/gophkeeper/internal/server/app/app.go:40.16,42.3 1 0
github.com/smanhack/gophkeeper/internal/server/app/app.go:44.2,44.40 1 0
github.com/smanhack/gophkeeper/internal/server/app/app.go:44.40,46.3 1 0
github.com/smanhack/gophkeeper/internal/server/app/app.go:48.2,49.19 2 0
github.com/smanhack/gophkeeper/internal/server/app/app.go:49.19,51.3 1 0
github.com/smanhack/gophkeeper/internal/server/app/app.go:53.2,55.16 3 0
github.com/smanhack/gophkeeper/internal/server/app/app.go:55.16,57.3 1 0
github.com/smanhack/gophkeeper/internal/server/app/app.go:59.2,90.8 9 0
github.com/smanhack/gophkeeper/internal/client/service/secret.go:27.27,34.2 1 0
github.com/smanhack/gophkeeper/internal/client/service/secret.go:36.110,38.19 2 0
github.com/smanhack/gophkeeper/internal/client/service/secret.go:38.19,40.3 1 0
github.com/smanhack/gophkeeper/internal/client/service/secret.go:42.2,43.16 2 0
github.com/smanhack/gophkeeper/internal/client/service/secret.go:43.16,45.3 1 0
github.com/smanhack/gophkeeper/internal/client/service/secret.go:47.2,47.32 1 0
github.com/smanhack/gophkeeper/internal/client/service/secret.go:51.106,53.16 2 0
github.com/smanhack/gophkeeper/internal/client/service/secret.go:53.16,55.3 1 0
github.com/smanhack/gophkeeper/internal/client/service/secret.go:57.2,57.19 1 0
github.com/smanhack/gophkeeper/internal/client/service/secret.go:57.19,59.3 1 0
github.com/smanhack/gophkeeper/internal/client/service/secret.go:61.2,62.22 2 0
github.com/smanhack/gophkeeper/internal/client/service/secret.go:62.22,64.3 1 0
github.com/smanhack/gophkeeper/internal/client/service/secret.go:66.2,67.20 2 0
github.com/smanhack/gophkeeper/internal/client/service/secret.go:67.20,69.3 1 0
github.com/smanhack/gophkeeper/internal/client/service/secret.go:70.2,70.15 1 0
github.com/smanhack/gophkeeper/internal/client/service/secret.go:70.15,71.45 1 0
github.com/smanhack/gophkeeper/internal/client/service/secret.go:71.45,73.4 1 0
github.com/smanhack/gophkeeper/internal/client/service/secret.go:76.2,77.20 2 0
github.com/smanhack/gophkeeper/internal/client/service/secret.go:77.20,79.3 1 0
github.com/smanhack/gophkeeper/internal/client/service/secret.go:81.2,81.12 1 0
github.com/smanhack/gophkeeper/internal/client/service/secret.go:85.98,88.8 2 0
github.com/smanhack/gophkeeper/internal/client/service/secret.go:88.8,90.3 1 0
github.com/smanhack/gophkeeper/internal/client/service/secret.go:92.2,93.16 2 0
github.com/smanhack/gophkeeper/internal/client/service/secret.go:93.16,95.3 1 0
github.com/smanhack/gophkeeper/internal/client/service/secret.go:97.2,97.22 1 0
github.com/smanhack/gophkeeper/internal/client/service/secret.go:97.22,99.3 1 0
github.com/smanhack/gophkeeper/internal/client/service/secret.go:101.2,102.22 2 0
github.com/smanhack/gophkeeper/internal/client/service/secret.go:102.22,104.3 1 0
github.com/smanhack/gophkeeper/internal/client/service/secret.go:106.2,107.21 2 0
github.com/smanhack/gophkeeper/internal/client/service/secret.go:108.9,109.30 1 0
github.com/smanhack/gophkeeper/internal/client/service/secret.go:110.9,111.25 1 0
github.com/smanhack/gophkeeper/internal/client/service/secret.go:112.9,113.25 1 0
github.com/smanhack/gophkeeper/internal/client/service/secret.go:116.2,117.25 2 0
github.com/smanhack/gophkeeper/internal/client/service/secret.go:117.25,119.3 1 0
github.com/smanhack/gophkeeper/internal/client/service/secret.go:121.2,121.15 1 0
github.com/smanhack/gophkeeper/internal/client/service/secret.go:125.116,133.16 3 0
github.com/smanhack/gophkeeper/internal/client/service/secret.go:133.16,135.3 1 0
github.com/smanhack/gophkeeper/internal/client/service/secret.go:137.2,141.12 3 0
github.com/smanhack/gophkeeper/internal/client/service/secret.go:145.80,147.16 2 0
github.com/smanhack/gophkeeper/internal/client/service/secret.go:147.16,149.3 1 0
github.com/smanhack/gophkeeper/internal/client/service/secret.go:151.2,156.12 4 0
github.com/smanhack/gophkeeper/internal/client/service/secret.go:159.139,163.38 3 0
github.com/smanhack/gophkeeper/internal/client/service/secret.go:164.24,165.31 1 0
github.com/smanhack/gophkeeper/internal/client/service/secret.go:166.24,167.31 1 0
github.com/smanhack/gophkeeper/internal/client/service/secret.go:168.29,169.31 1 0
github.com/smanhack/gophkeeper/internal/client/service/secret.go:170.24,171.31 1 0
github.com/smanhack/gophkeeper/internal/client/service/secret.go:172.10,173.24 1 0
github.com/smanhack/gophkeeper/internal/client/service/secret.go:175.2,187.16 3 0
github.com/smanhack/gophkeeper/internal/client/service/secret.go:187.16,189.3 1 0
github.com/smanhack/gophkeeper/internal/client/service/secret.go:191.2,195.12 3 0
github.com/smanhack/gophkeeper/internal/client/service/secret_type.go:14.84,18.2 1 0
github.com/smanhack/gophkeeper/internal/client/service/secret_type.go:20.93,24.16 3 0
github.com/smanhack/gophkeeper/internal/client/service/secret_type.go:24.16,26.3 1 0
github.com/smanhack/gophkeeper/internal/client/service/secret_type.go:28.2,28.20 1 0
github.com/smanhack/gophkeeper/internal/client/service/user.go:14.77,18.2 1 0
github.com/smanhack/gophkeeper/internal/client/service/user.go:20.105,27.16 3 0
github.com/smanhack/gophkeeper/internal/client/service/user.go:27.16,29.3 1 0
github.com/smanhack/gophkeeper/internal/client/service/user.go:31.2,31.26 1 0
github.com/smanhack/gophkeeper/internal/client/service/user.go:34.99,36.16 2 0
github.com/smanhack/gophkeeper/internal/client/service/user.go:36.16,38.3 1 0
github.com/smanhack/gophkeeper/internal/client/service/user.go:40.2,40.26 1 0
github.com/smanhack/gophkeeper/internal/client/service/user.go:43.66,46.2 2 0
github.com/smanhack/gophkeeper/internal/client/service/user.go:48.48,50.2 1 0
github.com/smanhack/gophkeeper/internal/server/middleware/auth/jwt.go:21.63,27.2 1 0
github.com/smanhack/gophkeeper/internal/server/middleware/auth/jwt.go:29.76,30.35 1 0
github.com/smanhack/gophkeeper/internal/server/middleware/auth/jwt.go:30.35,32.3 1 0
github.com/smanhack/gophkeeper/internal/server/middleware/auth/jwt.go:34.2,35.16 2 0
github.com/smanhack/gophkeeper/internal/server/middleware/auth/jwt.go:35.16,37.3 1 0
github.com/smanhack/gophkeeper/internal/server/middleware/auth/jwt.go:39.2,40.23 2 0
github.com/smanhack/gophkeeper/internal/server/middleware/auth/jwt.go:40.23,42.3 1 0
github.com/smanhack/gophkeeper/internal/server/middleware/auth/jwt.go:44.2,45.22 2 0
github.com/smanhack/gophkeeper/internal/server/middleware/auth/jwt.go:45.22,47.3 1 0
github.com/smanhack/gophkeeper/internal/server/middleware/auth/jwt.go:49.2,51.20 2 0
github.com/smanhack/gophkeeper/internal/server/middleware/auth/jwt.go:54.74,58.46 3 0
github.com/smanhack/gophkeeper/internal/server/middleware/auth/jwt.go:58.46,59.29 1 0
github.com/smanhack/gophkeeper/internal/server/middleware/auth/jwt.go:59.29,61.4 1 0
github.com/smanhack/gophkeeper/internal/server/middleware/auth/jwt.go:64.2,64.19 1 0
github.com/smanhack/gophkeeper/internal/client/storage/memory.go:18.40,24.2 1 0
github.com/smanhack/gophkeeper/internal/client/storage/memory.go:26.90,31.9 4 0
github.com/smanhack/gophkeeper/internal/client/storage/memory.go:31.9,33.3 1 0
github.com/smanhack/gophkeeper/internal/client/storage/memory.go:35.2,35.22 1 0
github.com/smanhack/gophkeeper/internal/client/storage/memory.go:38.78,42.27 3 0
github.com/smanhack/gophkeeper/internal/client/storage/memory.go:42.27,44.3 1 0
github.com/smanhack/gophkeeper/internal/client/storage/memory.go:47.41,51.2 3 0
github.com/smanhack/gophkeeper/internal/client/storage/memory.go:53.80,58.9 4 0
github.com/smanhack/gophkeeper/internal/client/storage/memory.go:58.9,60.3 1 0
github.com/smanhack/gophkeeper/internal/client/storage/memory.go:62.2,62.22 1 0
github.com/smanhack/gophkeeper/internal/client/storage/memory.go:65.68,69.27 3 0
github.com/smanhack/gophkeeper/internal/client/storage/memory.go:69.27,71.3 1 0
github.com/smanhack/gophkeeper/internal/client/storage/memory.go:74.80,79.9 4 0
github.com/smanhack/gophkeeper/internal/client/storage/memory.go:79.9,81.3 1 0
github.com/smanhack/gophkeeper/internal/client/storage/memory.go:83.2,83.22 1 0
github.com/smanhack/gophkeeper/internal/client/storage/memory.go:86.68,90.27 3 0
github.com/smanhack/gophkeeper/internal/client/storage/memory.go:90.27,92.3 1 0
github.com/smanhack/gophkeeper/internal/client/storage/memory.go:95.68,97.8 2 0
github.com/smanhack/gophkeeper/internal/client/storage/memory.go:97.8,99.3 1 0
github.com/smanhack/gophkeeper/internal/client/storage/memory.go:101.2,102.12 2 0
github.com/smanhack/gophkeeper/internal/client/storage/memory.go:102.12,104.3 1 0
github.com/smanhack/gophkeeper/internal/client/storage/memory.go:106.2,107.12 2 0
github.com/smanhack/gophkeeper/internal/client/storage/memory.go:107.12,109.3 1 0
github.com/smanhack/gophkeeper/internal/client/storage/memory.go:111.2,111.19 1 0
github.com/smanhack/gophkeeper/internal/client/storage/memory.go:114.72,119.12 4 0
github.com/smanhack/gophkeeper/internal/client/storage/memory.go:120.9,121.44 1 0
github.com/smanhack/gophkeeper/internal/client/storage/memory.go:121.44,123.4 1 0
github.com/smanhack/gophkeeper/internal/client/storage/memory.go:124.9,125.39 1 0
github.com/smanhack/gophkeeper/internal/client/storage/memory.go:125.39,127.4 1 0
github.com/smanhack/gophkeeper/internal/client/storage/memory.go:128.9,129.39 1 0
github.com/smanhack/gophkeeper/internal/client/storage/memory.go:129.39,131.4 1 0
github.com/smanhack/gophkeeper/internal/client/storage/memory.go:134.2,134.13 1 0
github.com/smanhack/gophkeeper/internal/client/storage/sync.go:19.67,21.2 1 0
github.com/smanhack/gophkeeper/internal/client/storage/sync.go:23.45,24.44 1 0
github.com/smanhack/gophkeeper/internal/client/storage/sync.go:24.44,26.3 1 0
github.com/smanhack/gophkeeper/internal/client/storage/sync.go:28.2,28.49 1 0
github.com/smanhack/gophkeeper/internal/client/storage/sync.go:28.49,30.3 1 0
github.com/smanhack/gophkeeper/internal/client/storage/sync.go:32.2,32.44 1 0
github.com/smanhack/gophkeeper/internal/client/storage/sync.go:32.44,34.3 1 0
github.com/smanhack/gophkeeper/internal/client/storage/sync.go:37.56,39.16 2 0
github.com/smanhack/gophkeeper/internal/client/storage/sync.go:39.16,40.13 1 0
github.com/smanhack/gophkeeper/internal/client/storage/sync.go:43.2,44.41 2 0
github.com/smanhack/gophkeeper/internal/client/storage/sync.go:44.41,49.23 4 0
github.com/smanhack/gophkeeper/internal/client/storage/sync.go:49.23,51.4 1 0
github.com/smanhack/gophkeeper/internal/client/storage/sync.go:53.3,54.26 2 0
github.com/smanhack/gophkeeper/internal/client/storage/sync.go:54.26,56.4 1 0
github.com/smanhack/gophkeeper/internal/client/storage/sync.go:57.3,60.25 3 0
github.com/smanhack/gophkeeper/internal/client/storage/sync.go:63.2,65.12 2 0
github.com/smanhack/gophkeeper/internal/client/storage/sync.go:69.56,71.16 2 0
github.com/smanhack/gophkeeper/internal/client/storage/sync.go:71.16,72.13 1 0
github.com/smanhack/gophkeeper/internal/client/storage/sync.go:75.2,76.41 2 0
github.com/smanhack/gophkeeper/internal/client/storage/sync.go:76.41,81.23 4 0
github.com/smanhack/gophkeeper/internal/client/storage/sync.go:81.23,83.4 1 0
github.com/smanhack/gophkeeper/internal/client/storage/sync.go:85.3,86.26 2 0
github.com/smanhack/gophkeeper/internal/client/storage/sync.go:86.26,88.4 1 0
github.com/smanhack/gophkeeper/internal/client/storage/sync.go:89.3,92.25 3 0
github.com/smanhack/gophkeeper/internal/client/storage/sync.go:95.2,97.12 2 0
github.com/smanhack/gophkeeper/internal/client/storage/sync.go:100.61,102.16 2 0
github.com/smanhack/gophkeeper/internal/client/storage/sync.go:102.16,103.13 1 0
github.com/smanhack/gophkeeper/internal/client/storage/sync.go:106.2,107.42 2 0
github.com/smanhack/gophkeeper/internal/client/storage/sync.go:107.42,112.23 4 0
github.com/smanhack/gophkeeper/internal/client/storage/sync.go:112.23,114.4 1 0
github.com/smanhack/gophkeeper/internal/client/storage/sync.go:116.3,117.26 2 0
github.com/smanhack/gophkeeper/internal/client/storage/sync.go:117.26,119.4 1 0
github.com/smanhack/gophkeeper/internal/client/storage/sync.go:120.3,123.25 3 0
github.com/smanhack/gophkeeper/internal/client/storage/sync.go:126.2,128.12 2 0
github.com/smanhack/gophkeeper/internal/server/service/mock/service_mock.go:33.85,37.2 3 0
github.com/smanhack/gophkeeper/internal/server/service/mock/service_mock.go:40.83,42.2 1 0
github.com/smanhack/gophkeeper/internal/server/service/mock/service_mock.go:45.118,51.2 5 0
github.com/smanhack/gophkeeper/internal/server/service/mock/service_mock.go:54.95,57.2 2 0
github.com/smanhack/gophkeeper/internal/server/service/mock/service_mock.go:60.114,66.2 5 0
github.com/smanhack/gophkeeper/internal/server/service/mock/service_mock.go:69.91,72.2 2 0
github.com/smanhack/gophkeeper/internal/server/service/mock/service_mock.go:75.113,81.2 5 0
github.com/smanhack/gophkeeper/internal/server/service/mock/service_mock.go:84.90,87.2 2 0
github.com/smanhack/gophkeeper/internal/server/service/mock/service_mock.go:102.87,106.2 3 0
github.com/smanhack/gophkeeper/internal/server/service/mock/service_mock.go:109.85,111.2 1 0
github.com/smanhack/gophkeeper/internal/server/service/mock/service_mock.go:114.103,120.2 5 0
github.com/smanhack/gophkeeper/internal/server/service/mock/service_mock.go:123.87,126.2 2 0
github.com/smanhack/gophkeeper/internal/server/service/mock/service_mock.go:141.89,145.2 3 0
github.com/smanhack/gophkeeper/internal/server/service/mock/service_mock.go:148.87,150.2 1 0
github.com/smanhack/gophkeeper/internal/server/service/mock/service_mock.go:153.120,159.2 5 0
github.com/smanhack/gophkeeper/internal/server/service/mock/service_mock.go:162.91,165.2 2 0
github.com/smanhack/gophkeeper/internal/server/service/mock/service_mock.go:168.158,174.2 5 0
github.com/smanhack/gophkeeper/internal/server/service/mock/service_mock.go:177.111,180.2 2 0
github.com/smanhack/gophkeeper/internal/server/service/mock/service_mock.go:183.121,189.2 5 0
github.com/smanhack/gophkeeper/internal/server/service/mock/service_mock.go:192.92,195.2 2 0
github.com/smanhack/gophkeeper/internal/server/service/mock/service_mock.go:198.120,204.2 5 0
github.com/smanhack/gophkeeper/internal/server/service/mock/service_mock.go:207.91,210.2 2 0
github.com/smanhack/gophkeeper/internal/server/service/mock/service_mock.go:213.135,219.2 5 0
github.com/smanhack/gophkeeper/internal/server/service/mock/service_mock.go:222.101,225.2 2 0
github.com/smanhack/gophkeeper/internal/server/service/mock/service_mock.go:240.59,244.2 3 0
github.com/smanhack/gophkeeper/internal/server/service/mock/service_mock.go:247.57,249.2 1 0
github.com/smanhack/gophkeeper/internal/server/service/mock/service_mock.go:252.58,258.2 5 0
github.com/smanhack/gophkeeper/internal/server/service/mock/service_mock.go:261.65,264.2 2 0
github.com/smanhack/gophkeeper/internal/server/service/mock/service_mock.go:267.53,272.2 4 0
github.com/smanhack/gophkeeper/internal/server/service/mock/service_mock.go:275.69,278.2 2 0
github.com/smanhack/gophkeeper/internal/server/service/mock/service_mock.go:293.65,297.2 3 0
github.com/smanhack/gophkeeper/internal/server/service/mock/service_mock.go:300.63,302.2 1 0
github.com/smanhack/gophkeeper/internal/server/service/mock/service_mock.go:305.63,311.2 5 0
github.com/smanhack/gophkeeper/internal/server/service/mock/service_mock.go:314.70,317.2 2 0
github.com/smanhack/gophkeeper/internal/server/service/mock/service_mock.go:320.59,326.2 5 0
github.com/smanhack/gophkeeper/internal/server/service/mock/service_mock.go:329.66,332.2 2 0
github.com/smanhack/gophkeeper/pkg/crypt/crypt.go:24.34,26.21 2 0
github.com/smanhack/gophkeeper/pkg/crypt/crypt.go:26.21,28.3 1 0
github.com/smanhack/gophkeeper/pkg/crypt/crypt.go:30.2,31.19 2 0
github.com/smanhack/gophkeeper/pkg/crypt/crypt.go:31.19,33.3 1 0
github.com/smanhack/gophkeeper/pkg/crypt/crypt.go:35.2,39.8 1 0
github.com/smanhack/gophkeeper/pkg/crypt/crypt.go:42.48,50.2 4 0
github.com/smanhack/gophkeeper/pkg/crypt/crypt.go:52.53,54.22 2 0
github.com/smanhack/gophkeeper/pkg/crypt/crypt.go:54.22,56.3 1 0
github.com/smanhack/gophkeeper/pkg/crypt/crypt.go:58.2,59.19 2 0
github.com/smanhack/gophkeeper/pkg/crypt/crypt.go:59.19,61.3 1 0
github.com/smanhack/gophkeeper/pkg/crypt/crypt.go:63.2,63.25 1 0
github.com/smanhack/gophkeeper/pkg/cert/cert.go:27.46,31.2 1 0
github.com/smanhack/gophkeeper/pkg/cert/cert.go:34.116,36.16 2 0
github.com/smanhack/gophkeeper/pkg/cert/cert.go:36.16,40.3 2 0
github.com/smanhack/gophkeeper/pkg/cert/cert.go:42.2,48.8 1 0
github.com/smanhack/gophkeeper/pkg/cert/cert.go:52.89,54.16 2 0
github.com/smanhack/gophkeeper/pkg/cert/cert.go:54.16,58.3 2 0
github.com/smanhack/gophkeeper/pkg/cert/cert.go:60.2,63.8 1 0
github.com/smanhack/gophkeeper/pkg/api/secret.pb.go:35.36,40.2 4 0
github.com/smanhack/gophkeeper/pkg/api/secret.pb.go:42.44,44.2 1 0
github.com/smanhack/gophkeeper/pkg/api/secret.pb.go:46.42,46.43 0 0
github.com/smanhack/gophkeeper/pkg/api/secret.pb.go:48.64,50.14 2 0
github.com/smanhack/gophkeeper/pkg/api/secret.pb.go:50.14,52.34 2 0
github.com/smanhack/gophkeeper/pkg/api/secret.pb.go:52.34,54.4 1 0
github.com/smanhack/gophkeeper/pkg/api/secret.pb.go:55.3,55.12 1 0
github.com/smanhack/gophkeeper/pkg/api/secret.pb.go:57.2,57.24 1 0
github.com/smanhack/gophkeeper/pkg/api/secret.pb.go:61.55,63.2 1 0
github.com/smanhack/gophkeeper/pkg/api/secret.pb.go:65.45,66.14 1 0
github.com/smanhack/gophkeeper/pkg/api/secret.pb.go:66.14,68.3 1 0
github.com/smanhack/gophkeeper/pkg/api/secret.pb.go:69.2,69.11 1 0
github.com/smanhack/gophkeeper/pkg/api/secret.pb.go:72.45,73.14 1 0
github.com/smanhack/gophkeeper/pkg/api/secret.pb.go:73.14,75.3 1 0
github.com/smanhack/gophkeeper/pkg/api/secret.pb.go:76.2,76.10 1 0
github.com/smanhack/gophkeeper/pkg/api/secret.pb.go:79.48,80.14 1 0
github.com/smanhack/gophkeeper/pkg/api/secret.pb.go:80.14,82.3 1 0
github.com/smanhack/gophkeeper/pkg/api/secret.pb.go:83.2,83.12 1 0
github.com/smanhack/gophkeeper/pkg/api/secret.pb.go:97.37,102.2 4 0
github.com/smanhack/gophkeeper/pkg/api/secret.pb.go:104.45,106.2 1 0
github.com/smanhack/gophkeeper/pkg/api/secret.pb.go:108.43,108.44 0 0
github.com/smanhack/gophkeeper/pkg/api/secret.pb.go:110.65,112.14 2 0
github.com/smanhack/gophkeeper/pkg/api/secret.pb.go:112.14,114.34 2 0
github.com/smanhack/gophkeeper/pkg/api/secret.pb.go:114.34,116.4 1 0
github.com/smanhack/gophkeeper/pkg/api/secret.pb.go:117.3,117.12 1 0
github.com/smanhack/gophkeeper/pkg/api/secret.pb.go:119.2,119.24 1 0
github.com/smanhack/gophkeeper/pkg/api/secret.pb.go:123.56,125.2 1 0
github.com/smanhack/gophkeeper/pkg/api/secret.pb.go:127.64,128.14 1 0
github.com/smanhack/gophkeeper/pkg/api/secret.pb.go:128.14,130.3 1 0
github.com/smanhack/gophkeeper/pkg/api/secret.pb.go:131.2,131.12 1 0
github.com/smanhack/gophkeeper/pkg/api/secret.pb.go:134.58,135.14 1 0
github.com/smanhack/gophkeeper/pkg/api/secret.pb.go:135.14,136.52 1 0
github.com/smanhack/gophkeeper/pkg/api/secret.pb.go:136.52,138.4 1 0
github.com/smanhack/gophkeeper/pkg/api/secret.pb.go:140.2,140.30 1 0
github.com/smanhack/gophkeeper/pkg/api/secret.pb.go:143.62,144.14 1 0
github.com/smanhack/gophkeeper/pkg/api/secret.pb.go:144.14,145.52 1 0
github.com/smanhack/gophkeeper/pkg/api/secret.pb.go:145.52,147.4 1 0
github.com/smanhack/gophkeeper/pkg/api/secret.pb.go:149.2,149.12 1 0
github.com/smanhack/gophkeeper/pkg/api/secret.pb.go:164.60,164.61 0 0
github.com/smanhack/gophkeeper/pkg/api/secret.pb.go:166.60,166.61 0 0
github.com/smanhack/gophkeeper/pkg/api/secret.pb.go:180.37,185.2 4 0
github.com/smanhack/gophkeeper/pkg/api/secret.pb.go:187.45,189.2 1 0
github.com/smanhack/gophkeeper/pkg/api/secret.pb.go:191.43,191.44 0 0
github.com/smanhack/gophkeeper/pkg/api/secret.pb.go:193.65,195.14 2 0
github.com/smanhack/gophkeeper/pkg/api/secret.pb.go:195.14,197.34 2 0
github.com/smanhack/gophkeeper/pkg/api/secret.pb.go:197.34,199.4 1 0
github.com/smanhack/gophkeeper/pkg/api/secret.pb.go:200.3,200.12 1 0
github.com/smanhack/gophkeeper/pkg/api/secret.pb.go:202.2,202.24 1 0
github.com/smanhack/gophkeeper/pkg/api/secret.pb.go:206.56,208.2 1 0
github.com/smanhack/gophkeeper/pkg/api/secret.pb.go:210.44,211.14 1 0
github.com/smanhack/gophkeeper/pkg/api/secret.pb.go:211.14,213.3 1 0
github.com/smanhack/gophkeeper/pkg/api/secret.pb.go:214.2,214.10 1 0
github.com/smanhack/gophkeeper/pkg/api/secret.pb.go:217.46,218.14 1 0
github.com/smanhack/gophkeeper/pkg/api/secret.pb.go:218.14,220.3 1 0
github.com/smanhack/gophkeeper/pkg/api/secret.pb.go:221.2,221.11 1 0
github.com/smanhack/gophkeeper/pkg/api/secret.pb.go:224.46,225.14 1 0
github.com/smanhack/gophkeeper/pkg/api/secret.pb.go:225.14,227.3 1 0
github.com/smanhack/gophkeeper/pkg/api/secret.pb.go:228.2,228.10 1 0
github.com/smanhack/gophkeeper/pkg/api/secret.pb.go:231.67,232.14 1 0
github.com/smanhack/gophkeeper/pkg/api/secret.pb.go:232.14,234.3 1 0
github.com/smanhack/gophkeeper/pkg/api/secret.pb.go:235.2,235.12 1 0
github.com/smanhack/gophkeeper/pkg/api/secret.pb.go:238.67,239.14 1 0
github.com/smanhack/gophkeeper/pkg/api/secret.pb.go:239.14,241.3 1 0
github.com/smanhack/gophkeeper/pkg/api/secret.pb.go:242.2,242.12 1 0
github.com/smanhack/gophkeeper/pkg/api/secret.pb.go:245.63,246.14 1 0
github.com/smanhack/gophkeeper/pkg/api/secret.pb.go:246.14,248.3 1 0
github.com/smanhack/gophkeeper/pkg/api/secret.pb.go:249.2,249.12 1 0
github.com/smanhack/gophkeeper/pkg/api/secret.pb.go:259.36,264.2 4 0
github.com/smanhack/gophkeeper/pkg/api/secret.pb.go:266.44,268.2 1 0
github.com/smanhack/gophkeeper/pkg/api/secret.pb.go:270.42,270.43 0 0
github.com/smanhack/gophkeeper/pkg/api/secret.pb.go:272.64,274.14 2 0
github.com/smanhack/gophkeeper/pkg/api/secret.pb.go:274.14,276.34 2 0
github.com/smanhack/gophkeeper/pkg/api/secret.pb.go:276.34,278.4 1 0
github.com/smanhack/gophkeeper/pkg/api/secret.pb.go:279.3,279.12 1 0
github.com/smanhack/gophkeeper/pkg/api/secret.pb.go:281.2,281.24 1 0
github.com/smanhack/gophkeeper/pkg/api/secret.pb.go:285.55,287.2 1 0
github.com/smanhack/gophkeeper/pkg/api/secret.pb.go:289.42,290.14 1 0
github.com/smanhack/gophkeeper/pkg/api/secret.pb.go:290.14,292.3 1 0
github.com/smanhack/gophkeeper/pkg/api/secret.pb.go:293.2,293.10 1 0
github.com/smanhack/gophkeeper/pkg/api/secret.pb.go:309.37,314.2 4 0
github.com/smanhack/gophkeeper/pkg/api/secret.pb.go:316.45,318.2 1 0
github.com/smanhack/gophkeeper/pkg/api/secret.pb.go:320.43,320.44 0 0
github.com/smanhack/gophkeeper/pkg/api/secret.pb.go:322.65,324.14 2 0
github.com/smanhack/gophkeeper/pkg/api/secret.pb.go:324.14,326.34 2 0
github.com/smanhack/gophkeeper/pkg/api/secret.pb.go:326.34,328.4 1 0
github.com/smanhack/gophkeeper/pkg/api/secret.pb.go:329.3,329.12 1 0
github.com/smanhack/gophkeeper/pkg/api/secret.pb.go:331.2,331.24 1 0
github.com/smanhack/gophkeeper/pkg/api/secret.pb.go:335.56,337.2 1 0
github.com/smanhack/gophkeeper/pkg/api/secret.pb.go:339.44,340.14 1 0
github.com/smanhack/gophkeeper/pkg/api/secret.pb.go:340.14,342.3 1 0
github.com/smanhack/gophkeeper/pkg/api/secret.pb.go:343.2,343.10 1 0
github.com/smanhack/gophkeeper/pkg/api/secret.pb.go:346.46,347.14 1 0
github.com/smanhack/gophkeeper/pkg/api/secret.pb.go:347.14,349.3 1 0
github.com/smanhack/gophkeeper/pkg/api/secret.pb.go:350.2,350.11 1 0
github.com/smanhack/gophkeeper/pkg/api/secret.pb.go:353.46,354.14 1 0
github.com/smanhack/gophkeeper/pkg/api/secret.pb.go:354.14,356.3 1 0
github.com/smanhack/gophkeeper/pkg/api/secret.pb.go:357.2,357.10 1 0
github.com/smanhack/gophkeeper/pkg/api/secret.pb.go:360.49,361.14 1 0
github.com/smanhack/gophkeeper/pkg/api/secret.pb.go:361.14,363.3 1 0
github.com/smanhack/gophkeeper/pkg/api/secret.pb.go:364.2,364.12 1 0
github.com/smanhack/gophkeeper/pkg/api/secret.pb.go:367.67,368.14 1 0
github.com/smanhack/gophkeeper/pkg/api/secret.pb.go:368.14,370.3 1 0
github.com/smanhack/gophkeeper/pkg/api/secret.pb.go:371.2,371.12 1 0
github.com/smanhack/gophkeeper/pkg/api/secret.pb.go:374.67,375.14 1 0
github.com/smanhack/gophkeeper/pkg/api/secret.pb.go:375.14,377.3 1 0
github.com/smanhack/gophkeeper/pkg/api/secret.pb.go:378.2,378.12 1 0
github.com/smanhack/gophkeeper/pkg/api/secret.pb.go:381.63,382.14 1 0
github.com/smanhack/gophkeeper/pkg/api/secret.pb.go:382.14,384.3 1 0
github.com/smanhack/gophkeeper/pkg/api/secret.pb.go:385.2,385.12 1 0
github.com/smanhack/gophkeeper/pkg/api/secret.pb.go:395.37,400.2 4 0
github.com/smanhack/gophkeeper/pkg/api/secret.pb.go:402.45,404.2 1 0
github.com/smanhack/gophkeeper/pkg/api/secret.pb.go:406.43,406.44 0 0
github.com/smanhack/gophkeeper/pkg/api/secret.pb.go:408.65,410.14 2 0
github.com/smanhack/gophkeeper/pkg/api/secret.pb.go:410.14,412.34 2 0
github.com/smanhack/gophkeeper/pkg/api/secret.pb.go:412.34,414.4 1 0
github.com/smanhack/gophkeeper/pkg/api/secret.pb.go:415.3,415.12 1 0
github.com/smanhack/gophkeeper/pkg/api/secret.pb.go:417.2,417.24 1 0
github.com/smanhack/gophkeeper/pkg/api/secret.pb.go:421.56,423.2 1 0
github.com/smanhack/gophkeeper/pkg/api/secret.pb.go:425.44,426.14 1 0
github.com/smanhack/gophkeeper/pkg/api/secret.pb.go:426.14,428.3 1 0
github.com/smanhack/gophkeeper/pkg/api/secret.pb.go:429.2,429.10 1 0
github.com/smanhack/gophkeeper/pkg/api/secret.pb.go:438.38,443.2 4 0
github.com/smanhack/gophkeeper/pkg/api/secret.pb.go:445.46,447.2 1 0
github.com/smanhack/gophkeeper/pkg/api/secret.pb.go:449.44,449.45 0 0
github.com/smanhack/gophkeeper/pkg/api/secret.pb.go:451.66,453.14 2 0
github.com/smanhack/gophkeeper/pkg/api/secret.pb.go:453.14,455.34 2 0
github.com/smanhack/gophkeeper/pkg/api/secret.pb.go:455.34,457.4 1 0
github.com/smanhack/gophkeeper/pkg/api/secret.pb.go:458.3,458.12 1 0
github.com/smanhack/gophkeeper/pkg/api/secret.pb.go:460.2,460.24 1 0
github.com/smanhack/gophkeeper/pkg/api/secret.pb.go:464.57,466.2 1 0
github.com/smanhack/gophkeeper/pkg/api/secret.pb.go:480.37,485.2 4 0
github.com/smanhack/gophkeeper/pkg/api/secret.pb.go:487.45,489.2 1 0
github.com/smanhack/gophkeeper/pkg/api/secret.pb.go:491.43,491.44 0 0
github.com/smanhack/gophkeeper/pkg/api/secret.pb.go:493.65,495.14 2 0
github.com/smanhack/gophkeeper/pkg/api/secret.pb.go:495.14,497.34 2 0
github.com/smanhack/gophkeeper/pkg/api/secret.pb.go:497.34,499.4 1 0
github.com/smanhack/gophkeeper/pkg/api/secret.pb.go:500.3,500.12 1 0
github.com/smanhack/gophkeeper/pkg/api/secret.pb.go:502.2,502.24 1 0
github.com/smanhack/gophkeeper/pkg/api/secret.pb.go:506.56,508.2 1 0
github.com/smanhack/gophkeeper/pkg/api/secret.pb.go:510.44,511.14 1 0
github.com/smanhack/gophkeeper/pkg/api/secret.pb.go:511.14,513.3 1 0
github.com/smanhack/gophkeeper/pkg/api/secret.pb.go:514.2,514.10 1 0
github.com/smanhack/gophkeeper/pkg/api/secret.pb.go:517.46,518.14 1 0
github.com/smanhack/gophkeeper/pkg/api/secret.pb.go:518.14,520.3 1 0
github.com/smanhack/gophkeeper/pkg/api/secret.pb.go:521.2,521.11 1 0
github.com/smanhack/gophkeeper/pkg/api/secret.pb.go:524.46,525.14 1 0
github.com/smanhack/gophkeeper/pkg/api/secret.pb.go:525.14,527.3 1 0
github.com/smanhack/gophkeeper/pkg/api/secret.pb.go:528.2,528.10 1 0
github.com/smanhack/gophkeeper/pkg/api/secret.pb.go:531.49,532.14 1 0
github.com/smanhack/gophkeeper/pkg/api/secret.pb.go:532.14,534.3 1 0
github.com/smanhack/gophkeeper/pkg/api/secret.pb.go:535.2,535.12 1 0
github.com/smanhack/gophkeeper/pkg/api/secret.pb.go:538.67,539.14 1 0
github.com/smanhack/gophkeeper/pkg/api/secret.pb.go:539.14,541.3 1 0
github.com/smanhack/gophkeeper/pkg/api/secret.pb.go:542.2,542.12 1 0
github.com/smanhack/gophkeeper/pkg/api/secret.pb.go:545.47,546.14 1 0
github.com/smanhack/gophkeeper/pkg/api/secret.pb.go:546.14,548.3 1 0
github.com/smanhack/gophkeeper/pkg/api/secret.pb.go:549.2,549.14 1 0
github.com/smanhack/gophkeeper/pkg/api/secret.pb.go:564.38,569.2 4 0
github.com/smanhack/gophkeeper/pkg/api/secret.pb.go:571.46,573.2 1 0
github.com/smanhack/gophkeeper/pkg/api/secret.pb.go:575.44,575.45 0 0
github.com/smanhack/gophkeeper/pkg/api/secret.pb.go:577.66,579.14 2 0
github.com/smanhack/gophkeeper/pkg/api/secret.pb.go:579.14,581.34 2 0
github.com/smanhack/gophkeeper/pkg/api/secret.pb.go:581.34,583.4 1 0
github.com/smanhack/gophkeeper/pkg/api/secret.pb.go:584.3,584.12 1 0
github.com/smanhack/gophkeeper/pkg/api/secret.pb.go:586.2,586.24 1 0
github.com/smanhack/gophkeeper/pkg/api/secret.pb.go:590.57,592.2 1 0
github.com/smanhack/gophkeeper/pkg/api/secret.pb.go:594.45,595.14 1 0
github.com/smanhack/gophkeeper/pkg/api/secret.pb.go:595.14,597.3 1 0
github.com/smanhack/gophkeeper/pkg/api/secret.pb.go:598.2,598.10 1 0
github.com/smanhack/gophkeeper/pkg/api/secret.pb.go:601.47,602.14 1 0
github.com/smanhack/gophkeeper/pkg/api/secret.pb.go:602.14,604.3 1 0
github.com/smanhack/gophkeeper/pkg/api/secret.pb.go:605.2,605.11 1 0
github.com/smanhack/gophkeeper/pkg/api/secret.pb.go:608.47,609.14 1 0
github.com/smanhack/gophkeeper/pkg/api/secret.pb.go:609.14,611.3 1 0
github.com/smanhack/gophkeeper/pkg/api/secret.pb.go:612.2,612.10 1 0
github.com/smanhack/gophkeeper/pkg/api/secret.pb.go:615.68,616.14 1 0
github.com/smanhack/gophkeeper/pkg/api/secret.pb.go:616.14,618.3 1 0
github.com/smanhack/gophkeeper/pkg/api/secret.pb.go:619.2,619.12 1 0
github.com/smanhack/gophkeeper/pkg/api/secret.pb.go:622.68,623.14 1 0
github.com/smanhack/gophkeeper/pkg/api/secret.pb.go:623.14,625.3 1 0
github.com/smanhack/gophkeeper/pkg/api/secret.pb.go:626.2,626.12 1 0
github.com/smanhack/gophkeeper/pkg/api/secret.pb.go:629.64,630.14 1 0
github.com/smanhack/gophkeeper/pkg/api/secret.pb.go:630.14,632.3 1 0
github.com/smanhack/gophkeeper/pkg/api/secret.pb.go:633.2,633.12 1 0
github.com/smanhack/gophkeeper/pkg/api/secret.pb.go:650.30,655.2 4 0
github.com/smanhack/gophkeeper/pkg/api/secret.pb.go:657.38,659.2 1 0
github.com/smanhack/gophkeeper/pkg/api/secret.pb.go:661.36,661.37 0 0
github.com/smanhack/gophkeeper/pkg/api/secret.pb.go:663.58,665.14 2 0
github.com/smanhack/gophkeeper/pkg/api/secret.pb.go:665.14,667.34 2 0
github.com/smanhack/gophkeeper/pkg/api/secret.pb.go:667.34,669.4 1 0
github.com/smanhack/gophkeeper/pkg/api/secret.pb.go:670.3,670.12 1 0
github.com/smanhack/gophkeeper/pkg/api/secret.pb.go:672.2,672.24 1 0
github.com/smanhack/gophkeeper/pkg/api/secret.pb.go:676.49,678.2 1 0
github.com/smanhack/gophkeeper/pkg/api/secret.pb.go:680.37,681.14 1 0
github.com/smanhack/gophkeeper/pkg/api/secret.pb.go:681.14,683.3 1 0
github.com/smanhack/gophkeeper/pkg/api/secret.pb.go:684.2,684.10 1 0
github.com/smanhack/gophkeeper/pkg/api/secret.pb.go:687.41,688.14 1 0
github.com/smanhack/gophkeeper/pkg/api/secret.pb.go:688.14,690.3 1 0
github.com/smanhack/gophkeeper/pkg/api/secret.pb.go:691.2,691.11 1 0
github.com/smanhack/gophkeeper/pkg/api/secret.pb.go:694.41,695.14 1 0
github.com/smanhack/gophkeeper/pkg/api/secret.pb.go:695.14,697.3 1 0
github.com/smanhack/gophkeeper/pkg/api/secret.pb.go:698.2,698.10 1 0
github.com/smanhack/gophkeeper/pkg/api/secret.pb.go:701.39,702.14 1 0
github.com/smanhack/gophkeeper/pkg/api/secret.pb.go:702.14,704.3 1 0
github.com/smanhack/gophkeeper/pkg/api/secret.pb.go:705.2,705.11 1 0
github.com/smanhack/gophkeeper/pkg/api/secret.pb.go:708.42,709.14 1 0
github.com/smanhack/gophkeeper/pkg/api/secret.pb.go:709.14,711.3 1 0
github.com/smanhack/gophkeeper/pkg/api/secret.pb.go:712.2,712.12 1 0
github.com/smanhack/gophkeeper/pkg/api/secret.pb.go:715.60,716.14 1 0
github.com/smanhack/gophkeeper/pkg/api/secret.pb.go:716.14,718.3 1 0
github.com/smanhack/gophkeeper/pkg/api/secret.pb.go:719.2,719.12 1 0
github.com/smanhack/gophkeeper/pkg/api/secret.pb.go:722.60,723.14 1 0
github.com/smanhack/gophkeeper/pkg/api/secret.pb.go:723.14,725.3 1 0
github.com/smanhack/gophkeeper/pkg/api/secret.pb.go:726.2,726.12 1 0
github.com/smanhack/gophkeeper/pkg/api/secret.pb.go:729.56,730.14 1 0
github.com/smanhack/gophkeeper/pkg/api/secret.pb.go:730.14,732.3 1 0
github.com/smanhack/gophkeeper/pkg/api/secret.pb.go:733.2,733.12 1 0
github.com/smanhack/gophkeeper/pkg/api/secret.pb.go:743.46,748.2 4 0
github.com/smanhack/gophkeeper/pkg/api/secret.pb.go:750.54,752.2 1 0
github.com/smanhack/gophkeeper/pkg/api/secret.pb.go:754.52,754.53 0 0
github.com/smanhack/gophkeeper/pkg/api/secret.pb.go:756.74,758.14 2 0
github.com/smanhack/gophkeeper/pkg/api/secret.pb.go:758.14,760.34 2 0
github.com/smanhack/gophkeeper/pkg/api/secret.pb.go:760.34,762.4 1 0
github.com/smanhack/gophkeeper/pkg/api/secret.pb.go:763.3,763.12 1 0
github.com/smanhack/gophkeeper/pkg/api/secret.pb.go:765.2,765.24 1 0
github.com/smanhack/gophkeeper/pkg/api/secret.pb.go:769.65,771.2 1 0
github.com/smanhack/gophkeeper/pkg/api/secret.pb.go:773.57,774.14 1 0
github.com/smanhack/gophkeeper/pkg/api/secret.pb.go:774.14,776.3 1 0
github.com/smanhack/gophkeeper/pkg/api/secret.pb.go:777.2,777.10 1 0
github.com/smanhack/gophkeeper/pkg/api/secret.pb.go:787.47,792.2 4 0
github.com/smanhack/gophkeeper/pkg/api/secret.pb.go:794.55,796.2 1 0
github.com/smanhack/gophkeeper/pkg/api/secret.pb.go:798.53,798.54 0 0
github.com/smanhack/gophkeeper/pkg/api/secret.pb.go:800.75,802.14 2 0
github.com/smanhack/gophkeeper/pkg/api/secret.pb.go:802.14,804.34 2 0
github.com/smanhack/gophkeeper/pkg/api/secret.pb.go:804.34,806.4 1 0
github.com/smanhack/gophkeeper/pkg/api/secret.pb.go:807.3,807.12 1 0
github.com/smanhack/gophkeeper/pkg/api/secret.pb.go:809.2,809.24 1 0
github.com/smanhack/gophkeeper/pkg/api/secret.pb.go:813.66,815.2 1 0
github.com/smanhack/gophkeeper/pkg/api/secret.pb.go:817.70,818.14 1 0
github.com/smanhack/gophkeeper/pkg/api/secret.pb.go:818.14,820.3 1 0
github.com/smanhack/gophkeeper/pkg/api/secret.pb.go:821.2,821.12 1 0
github.com/smanhack/gophkeeper/pkg/api/secret.pb.go:912.45,913.42 1 0
github.com/smanhack/gophkeeper/pkg/api/secret.pb.go:913.42,915.3 1 0
github.com/smanhack/gophkeeper/pkg/api/secret.pb.go:916.2,916.38 1 0
github.com/smanhack/gophkeeper/pkg/api/secret.pb.go:970.13,970.41 1 0
github.com/smanhack/gophkeeper/pkg/api/secret.pb.go:971.31,972.30 1 0
github.com/smanhack/gophkeeper/pkg/api/secret.pb.go:972.30,974.3 1 0
github.com/smanhack/gophkeeper/pkg/api/secret.pb.go:975.2,995.33 6 0
github.com/smanhack/gophkeeper/pkg/api/secret_grpc.pb.go:44.70,46.2 1 0
github.com/smanhack/gophkeeper/pkg/api/secret_grpc.pb.go:48.133,52.16 4 0
github.com/smanhack/gophkeeper/pkg/api/secret_grpc.pb.go:52.16,54.3 1 0
github.com/smanhack/gophkeeper/pkg/api/secret_grpc.pb.go:55.2,55.17 1 0
github.com/smanhack/gophkeeper/pkg/api/secret_grpc.pb.go:58.133,62.16 4 0
github.com/smanhack/gophkeeper/pkg/api/secret_grpc.pb.go:62.16,64.3 1 0
github.com/smanhack/gophkeeper/pkg/api/secret_grpc.pb.go:65.2,65.17 1 0
github.com/smanhack/gophkeeper/pkg/api/secret_grpc.pb.go:68.136,72.16 4 0
github.com/smanhack/gophkeeper/pkg/api/secret_grpc.pb.go:72.16,74.3 1 0
github.com/smanhack/gophkeeper/pkg/api/secret_grpc.pb.go:75.2,75.17 1 0
github.com/smanhack/gophkeeper/pkg/api/secret_grpc.pb.go:78.136,82.16 4 0
github.com/smanhack/gophkeeper/pkg/api/secret_grpc.pb.go:82.16,84.3 1 0
github.com/smanhack/gophkeeper/pkg/api/secret_grpc.pb.go:85.2,85.17 1 0
github.com/smanhack/gophkeeper/pkg/api/secret_grpc.pb.go:88.163,92.16 4 0
github.com/smanhack/gophkeeper/pkg/api/secret_grpc.pb.go:92.16,94.3 1 0
github.com/smanhack/gophkeeper/pkg/api/secret_grpc.pb.go:95.2,95.17 1 0
github.com/smanhack/gophkeeper/pkg/api/secret_grpc.pb.go:117.111,119.2 1 0
github.com/smanhack/gophkeeper/pkg/api/secret_grpc.pb.go:120.111,122.2 1 0
github.com/smanhack/gophkeeper/pkg/api/secret_grpc.pb.go:123.114,125.2 1 0
github.com/smanhack/gophkeeper/pkg/api/secret_grpc.pb.go:126.114,128.2 1 0
github.com/smanhack/gophkeeper/pkg/api/secret_grpc.pb.go:129.141,131.2 1 0
github.com/smanhack/gophkeeper/pkg/api/secret_grpc.pb.go:132.78,132.79 0 0
github.com/smanhack/gophkeeper/pkg/api/secret_grpc.pb.go:133.78,133.79 0 0
github.com/smanhack/gophkeeper/pkg/api/secret_grpc.pb.go:142.76,147.59 1 0
github.com/smanhack/gophkeeper/pkg/api/secret_grpc.pb.go:147.59,149.3 1 0
github.com/smanhack/gophkeeper/pkg/api/secret_grpc.pb.go:150.2,150.48 1 0
github.com/smanhack/gophkeeper/pkg/api/secret_grpc.pb.go:153.164,155.32 2 0
github.com/smanhack/gophkeeper/pkg/api/secret_grpc.pb.go:155.32,157.3 1 0
github.com/smanhack/gophkeeper/pkg/api/secret_grpc.pb.go:158.2,158.24 1 0
github.com/smanhack/gophkeeper/pkg/api/secret_grpc.pb.go:158.24,160.3 1 0
github.com/smanhack/gophkeeper/pkg/api/secret_grpc.pb.go:161.2,165.77 2 0
github.com/smanhack/gophkeeper/pkg/api/secret_grpc.pb.go:165.77,167.3 1 0
github.com/smanhack/gophkeeper/pkg/api/secret_grpc.pb.go:168.2,168.44 1 0
github.com/smanhack/gophkeeper/pkg/api/secret_grpc.pb.go:171.164,173.32 2 0
github.com/smanhack/gophkeeper/pkg/api/secret_grpc.pb.go:173.32,175.3 1 0
github.com/smanhack/gophkeeper/pkg/api/secret_grpc.pb.go:176.2,176.24 1 0
github.com/smanhack/gophkeeper/pkg/api/secret_grpc.pb.go:176.24,178.3 1 0
github.com/smanhack/gophkeeper/pkg/api/secret_grpc.pb.go:179.2,183.77 2 0
github.com/smanhack/gophkeeper/pkg/api/secret_grpc.pb.go:183.77,185.3 1 0
github.com/smanhack/gophkeeper/pkg/api/secret_grpc.pb.go:186.2,186.44 1 0
github.com/smanhack/gophkeeper/pkg/api/secret_grpc.pb.go:189.165,191.32 2 0
github.com/smanhack/gophkeeper/pkg/api/secret_grpc.pb.go:191.32,193.3 1 0
github.com/smanhack/gophkeeper/pkg/api/secret_grpc.pb.go:194.2,194.24 1 0
github.com/smanhack/gophkeeper/pkg/api/secret_grpc.pb.go:194.24,196.3 1 0
github.com/smanhack/gophkeeper/pkg/api/secret_grpc.pb.go:197.2,201.77 2 0
github.com/smanhack/gophkeeper/pkg/api/secret_grpc.pb.go:201.77,203.3 1 0
github.com/smanhack/gophkeeper/pkg/api/secret_grpc.pb.go:204.2,204.44 1 0
github.com/smanhack/gophkeeper/pkg/api/secret_grpc.pb.go:207.165,209.32 2 0
github.com/smanhack/gophkeeper/pkg/api/secret_grpc.pb.go:209.32,211.3 1 0
github.com/smanhack/gophkeeper/pkg/api/secret_grpc.pb.go:212.2,212.24 1 0
github.com/smanhack/gophkeeper/pkg/api/secret_grpc.pb.go:212.24,214.3 1 0
github.com/smanhack/gophkeeper/pkg/api/secret_grpc.pb.go:215.2,219.77 2 0
github.com/smanhack/gophkeeper/pkg/api/secret_grpc.pb.go:219.77,221.3 1 0
github.com/smanhack/gophkeeper/pkg/api/secret_grpc.pb.go:222.2,222.44 1 0
github.com/smanhack/gophkeeper/pkg/api/secret_grpc.pb.go:225.174,227.32 2 0
github.com/smanhack/gophkeeper/pkg/api/secret_grpc.pb.go:227.32,229.3 1 0
github.com/smanhack/gophkeeper/pkg/api/secret_grpc.pb.go:230.2,230.24 1 0
github.com/smanhack/gophkeeper/pkg/api/secret_grpc.pb.go:230.24,232.3 1 0
github.com/smanhack/gophkeeper/pkg/api/secret_grpc.pb.go:233.2,237.77 2 0
github.com/smanhack/gophkeeper/pkg/api/secret_grpc.pb.go:237.77,239.3 1 0
github.com/smanhack/gophkeeper/pkg/api/secret_grpc.pb.go:240.2,240.44 1 0
github.com/smanhack/gophkeeper/pkg/api/secret_type.pb.go:30.39,35.2 4 0
github.com/smanhack/gophkeeper/pkg/api/secret_type.pb.go:37.47,39.2 1 0
github.com/smanhack/gophkeeper/pkg/api/secret_type.pb.go:41.45,41.46 0 0
github.com/smanhack/gophkeeper/pkg/api/secret_type.pb.go:43.67,45.14 2 0
github.com/smanhack/gophkeeper/pkg/api/secret_type.pb.go:45.14,47.34 2 0
github.com/smanhack/gophkeeper/pkg/api/secret_type.pb.go:47.34,49.4 1 0
github.com/smanhack/gophkeeper/pkg/api/secret_type.pb.go:50.3,50.12 1 0
github.com/smanhack/gophkeeper/pkg/api/secret_type.pb.go:52.2,52.24 1 0
github.com/smanhack/gophkeeper/pkg/api/secret_type.pb.go:56.58,58.2 1 0
github.com/smanhack/gophkeeper/pkg/api/secret_type.pb.go:68.28,73.2 4 0
github.com/smanhack/gophkeeper/pkg/api/secret_type.pb.go:75.36,77.2 1 0
github.com/smanhack/gophkeeper/pkg/api/secret_type.pb.go:79.34,79.35 0 0
github.com/smanhack/gophkeeper/pkg/api/secret_type.pb.go:81.56,83.14 2 0
github.com/smanhack/gophkeeper/pkg/api/secret_type.pb.go:83.14,85.34 2 0
github.com/smanhack/gophkeeper/pkg/api/secret_type.pb.go:85.34,87.4 1 0
github.com/smanhack/gophkeeper/pkg/api/secret_type.pb.go:88.3,88.12 1 0
github.com/smanhack/gophkeeper/pkg/api/secret_type.pb.go:90.2,90.24 1 0
github.com/smanhack/gophkeeper/pkg/api/secret_type.pb.go:94.47,96.2 1 0
github.com/smanhack/gophkeeper/pkg/api/secret_type.pb.go:98.35,99.14 1 0
github.com/smanhack/gophkeeper/pkg/api/secret_type.pb.go:99.14,101.3 1 0
github.com/smanhack/gophkeeper/pkg/api/secret_type.pb.go:102.2,102.10 1 0
github.com/smanhack/gophkeeper/pkg/api/secret_type.pb.go:105.38,106.14 1 0
github.com/smanhack/gophkeeper/pkg/api/secret_type.pb.go:106.14,108.3 1 0
github.com/smanhack/gophkeeper/pkg/api/secret_type.pb.go:109.2,109.11 1 0
github.com/smanhack/gophkeeper/pkg/api/secret_type.pb.go:119.40,124.2 4 0
github.com/smanhack/gophkeeper/pkg/api/secret_type.pb.go:126.48,128.2 1 0
github.com/smanhack/gophkeeper/pkg/api/secret_type.pb.go:130.46,130.47 0 0
github.com/smanhack/gophkeeper/pkg/api/secret_type.pb.go:132.68,134.14 2 0
github.com/smanhack/gophkeeper/pkg/api/secret_type.pb.go:134.14,136.34 2 0
github.com/smanhack/gophkeeper/pkg/api/secret_type.pb.go:136.34,138.4 1 0
github.com/smanhack/gophkeeper/pkg/api/secret_type.pb.go:139.3,139.12 1 0
github.com/smanhack/gophkeeper/pkg/api/secret_type.pb.go:141.2,141.24 1 0
github.com/smanhack/gophkeeper/pkg/api/secret_type.pb.go:145.59,147.2 1 0
github.com/smanhack/gophkeeper/pkg/api/secret_type.pb.go:149.60,150.14 1 0
github.com/smanhack/gophkeeper/pkg/api/secret_type.pb.go:150.14,152.3 1 0
github.com/smanhack/gophkeeper/pkg/api/secret_type.pb.go:153.2,153.12 1 0
github.com/smanhack/gophkeeper/pkg/api/secret_type.pb.go:177.50,178.47 1 0
github.com/smanhack/gophkeeper/pkg/api/secret_type.pb.go:178.47,180.3 1 0
github.com/smanhack/gophkeeper/pkg/api/secret_type.pb.go:181.2,181.43 1 0
github.com/smanhack/gophkeeper/pkg/api/secret_type.pb.go:201.13,201.46 1 0
github.com/smanhack/gophkeeper/pkg/api/secret_type.pb.go:202.36,203.35 1 0
github.com/smanhack/gophkeeper/pkg/api/secret_type.pb.go:203.35,205.3 1 0
github.com/smanhack/gophkeeper/pkg/api/secret_type.pb.go:206.2,222.38 5 0
github.com/smanhack/gophkeeper/pkg/api/secret_type_grpc.pb.go:36.76,38.2 1 0
github.com/smanhack/gophkeeper/pkg/api/secret_type_grpc.pb.go:40.147,44.16 4 0
github.com/smanhack/gophkeeper/pkg/api/secret_type_grpc.pb.go:44.16,46.3 1 0
github.com/smanhack/gophkeeper/pkg/api/secret_type_grpc.pb.go:47.2,47.17 1 0
github.com/smanhack/gophkeeper/pkg/api/secret_type_grpc.pb.go:65.125,67.2 1 0
github.com/smanhack/gophkeeper/pkg/api/secret_type_grpc.pb.go:68.84,68.85 0 0
github.com/smanhack/gophkeeper/pkg/api/secret_type_grpc.pb.go:69.84,69.85 0 0
github.com/smanhack/gophkeeper/pkg/api/secret_type_grpc.pb.go:78.82,83.59 1 0
github.com/smanhack/gophkeeper/pkg/api/secret_type_grpc.pb.go:83.59,85.3 1 0
github.com/smanhack/gophkeeper/pkg/api/secret_type_grpc.pb.go:86.2,86.51 1 0
github.com/smanhack/gophkeeper/pkg/api/secret_type_grpc.pb.go:89.172,91.32 2 0
github.com/smanhack/gophkeeper/pkg/api/secret_type_grpc.pb.go:91.32,93.3 1 0
github.com/smanhack/gophkeeper/pkg/api/secret_type_grpc.pb.go:94.2,94.24 1 0
github.com/smanhack/gophkeeper/pkg/api/secret_type_grpc.pb.go:94.24,96.3 1 0
github.com/smanhack/gophkeeper/pkg/api/secret_type_grpc.pb.go:97.2,101.77 2 0
github.com/smanhack/gophkeeper/pkg/api/secret_type_grpc.pb.go:101.77,103.3 1 0
github.com/smanhack/gophkeeper/pkg/api/secret_type_grpc.pb.go:104.2,104.44 1 0
github.com/smanhack/gophkeeper/pkg/api/user.pb.go:32.33,37.2 4 0
github.com/smanhack/gophkeeper/pkg/api/user.pb.go:39.41,41.2 1 0
github.com/smanhack/gophkeeper/pkg/api/user.pb.go:43.39,43.40 0 0
github.com/smanhack/gophkeeper/pkg/api/user.pb.go:45.61,47.14 2 0
github.com/smanhack/gophkeeper/pkg/api/user.pb.go:47.14,49.34 2 0
github.com/smanhack/gophkeeper/pkg/api/user.pb.go:49.34,51.4 1 0
github.com/smanhack/gophkeeper/pkg/api/user.pb.go:52.3,52.12 1 0
github.com/smanhack/gophkeeper/pkg/api/user.pb.go:54.2,54.24 1 0
github.com/smanhack/gophkeeper/pkg/api/user.pb.go:58.52,60.2 1 0
github.com/smanhack/gophkeeper/pkg/api/user.pb.go:62.46,63.14 1 0
github.com/smanhack/gophkeeper/pkg/api/user.pb.go:63.14,65.3 1 0
github.com/smanhack/gophkeeper/pkg/api/user.pb.go:66.2,66.11 1 0
github.com/smanhack/gophkeeper/pkg/api/user.pb.go:69.48,70.14 1 0
github.com/smanhack/gophkeeper/pkg/api/user.pb.go:70.14,72.3 1 0
github.com/smanhack/gophkeeper/pkg/api/user.pb.go:73.2,73.11 1 0
github.com/smanhack/gophkeeper/pkg/api/user.pb.go:83.34,88.2 4 0
github.com/smanhack/gophkeeper/pkg/api/user.pb.go:90.42,92.2 1 0
github.com/smanhack/gophkeeper/pkg/api/user.pb.go:94.40,94.41 0 0
github.com/smanhack/gophkeeper/pkg/api/user.pb.go:96.62,98.14 2 0
github.com/smanhack/gophkeeper/pkg/api/user.pb.go:98.14,100.34 2 0
github.com/smanhack/gophkeeper/pkg/api/user.pb.go:100.34,102.4 1 0
github.com/smanhack/gophkeeper/pkg/api/user.pb.go:103.3,103.12 1 0
github.com/smanhack/gophkeeper/pkg/api/user.pb.go:105.2,105.24 1 0
github.com/smanhack/gophkeeper/pkg/api/user.pb.go:109.53,111.2 1 0
github.com/smanhack/gophkeeper/pkg/api/user.pb.go:113.44,114.14 1 0
github.com/smanhack/gophkeeper/pkg/api/user.pb.go:114.14,116.3 1 0
github.com/smanhack/gophkeeper/pkg/api/user.pb.go:117.2,117.11 1 0
github.com/smanhack/gophkeeper/pkg/api/user.pb.go:128.31,133.2 4 0
github.com/smanhack/gophkeeper/pkg/api/user.pb.go:135.39,137.2 1 0
github.com/smanhack/gophkeeper/pkg/api/user.pb.go:139.37,139.38 0 0
github.com/smanhack/gophkeeper/pkg/api/user.pb.go:141.59,143.14 2 0
github.com/smanhack/gophkeeper/pkg/api/user.pb.go:143.14,145.34 2 0
github.com/smanhack/gophkeeper/pkg/api/user.pb.go:145.34,147.4 1 0
github.com/smanhack/gophkeeper/pkg/api/user.pb.go:148.3,148.12 1 0
github.com/smanhack/gophkeeper/pkg/api/user.pb.go:150.2,150.24 1 0
github.com/smanhack/gophkeeper/pkg/api/user.pb.go:154.50,156.2 1 0
github.com/smanhack/gophkeeper/pkg/api/user.pb.go:158.44,159.14 1 0
github.com/smanhack/gophkeeper/pkg/api/user.pb.go:159.14,161.3 1 0
github.com/smanhack/gophkeeper/pkg/api/user.pb.go:162.2,162.11 1 0
github.com/smanhack/gophkeeper/pkg/api/user.pb.go:165.46,166.14 1 0
github.com/smanhack/gophkeeper/pkg/api/user.pb.go:166.14,168.3 1 0
github.com/smanhack/gophkeeper/pkg/api/user.pb.go:169.2,169.11 1 0
github.com/smanhack/gophkeeper/pkg/api/user.pb.go:179.32,184.2 4 0
github.com/smanhack/gophkeeper/pkg/api/user.pb.go:186.40,188.2 1 0
github.com/smanhack/gophkeeper/pkg/api/user.pb.go:190.38,190.39 0 0
github.com/smanhack/gophkeeper/pkg/api/user.pb.go:192.60,194.14 2 0
github.com/smanhack/gophkeeper/pkg/api/user.pb.go:194.14,196.34 2 0
github.com/smanhack/gophkeeper/pkg/api/user.pb.go:196.34,198.4 1 0
github.com/smanhack/gophkeeper/pkg/api/user.pb.go:199.3,199.12 1 0
github.com/smanhack/gophkeeper/pkg/api/user.pb.go:201.2,201.24 1 0
github.com/smanhack/gophkeeper/pkg/api/user.pb.go:205.51,207.2 1 0
github.com/smanhack/gophkeeper/pkg/api/user.pb.go:209.42,210.14 1 0
github.com/smanhack/gophkeeper/pkg/api/user.pb.go:210.14,212.3 1 0
github.com/smanhack/gophkeeper/pkg/api/user.pb.go:213.2,213.11 1 0
github.com/smanhack/gophkeeper/pkg/api/user.pb.go:222.33,227.2 4 0
github.com/smanhack/gophkeeper/pkg/api/user.pb.go:229.41,231.2 1 0
github.com/smanhack/gophkeeper/pkg/api/user.pb.go:233.39,233.40 0 0
github.com/smanhack/gophkeeper/pkg/api/user.pb.go:235.61,237.14 2 0
github.com/smanhack/gophkeeper/pkg/api/user.pb.go:237.14,239.34 2 0
github.com/smanhack/gophkeeper/pkg/api/user.pb.go:239.34,241.4 1 0
github.com/smanhack/gophkeeper/pkg/api/user.pb.go:242.3,242.12 1 0
github.com/smanhack/gophkeeper/pkg/api/user.pb.go:244.2,244.24 1 0
github.com/smanhack/gophkeeper/pkg/api/user.pb.go:248.52,250.2 1 0
github.com/smanhack/gophkeeper/pkg/api/user.pb.go:258.34,263.2 4 0
github.com/smanhack/gophkeeper/pkg/api/user.pb.go:265.42,267.2 1 0
github.com/smanhack/gophkeeper/pkg/api/user.pb.go:269.40,269.41 0 0
github.com/smanhack/gophkeeper/pkg/api/user.pb.go:271.62,273.14 2 0
github.com/smanhack/gophkeeper/pkg/api/user.pb.go:273.14,275.34 2 0
github.com/smanhack/gophkeeper/pkg/api/user.pb.go:275.34,277.4 1 0
github.com/smanhack/gophkeeper/pkg/api/user.pb.go:278.3,278.12 1 0
github.com/smanhack/gophkeeper/pkg/api/user.pb.go:280.2,280.24 1 0
github.com/smanhack/gophkeeper/pkg/api/user.pb.go:284.53,286.2 1 0
github.com/smanhack/gophkeeper/pkg/api/user.pb.go:320.43,321.40 1 0
github.com/smanhack/gophkeeper/pkg/api/user.pb.go:321.40,323.3 1 0
github.com/smanhack/gophkeeper/pkg/api/user.pb.go:324.2,324.36 1 0
github.com/smanhack/gophkeeper/pkg/api/user.pb.go:350.13,350.39 1 0
github.com/smanhack/gophkeeper/pkg/api/user.pb.go:351.29,352.28 1 0
github.com/smanhack/gophkeeper/pkg/api/user.pb.go:352.28,354.3 1 0
github.com/smanhack/gophkeeper/pkg/api/user.pb.go:355.2,371.31 5 0
github.com/smanhack/gophkeeper/pkg/api/user_grpc.pb.go:40.66,42.2 1 0
github.com/smanhack/gophkeeper/pkg/api/user_grpc.pb.go:44.122,48.16 4 0
github.com/smanhack/gophkeeper/pkg/api/user_grpc.pb.go:48.16,50.3 1 0
github.com/smanhack/gophkeeper/pkg/api/user_grpc.pb.go:51.2,51.17 1 0
github.com/smanhack/gophkeeper/pkg/api/user_grpc.pb.go:54.124,58.16 4 0
github.com/smanhack/gophkeeper/pkg/api/user_grpc.pb.go:58.16,60.3 1 0
github.com/smanhack/gophkeeper/pkg/api/user_grpc.pb.go:61.2,61.17 1 0
github.com/smanhack/gophkeeper/pkg/api/user_grpc.pb.go:64.122,68.16 4 0
github.com/smanhack/gophkeeper/pkg/api/user_grpc.pb.go:68.16,70.3 1 0
github.com/smanhack/gophkeeper/pkg/api/user_grpc.pb.go:71.2,71.17 1 0
github.com/smanhack/gophkeeper/pkg/api/user_grpc.pb.go:91.100,93.2 1 0
github.com/smanhack/gophkeeper/pkg/api/user_grpc.pb.go:94.102,96.2 1 0
github.com/smanhack/gophkeeper/pkg/api/user_grpc.pb.go:97.100,99.2 1 0
github.com/smanhack/gophkeeper/pkg/api/user_grpc.pb.go:100.74,100.75 0 0
github.com/smanhack/gophkeeper/pkg/api/user_grpc.pb.go:101.74,101.75 0 0
github.com/smanhack/gophkeeper/pkg/api/user_grpc.pb.go:110.72,115.59 1 0
github.com/smanhack/gophkeeper/pkg/api/user_grpc.pb.go:115.59,117.3 1 0
github.com/smanhack/gophkeeper/pkg/api/user_grpc.pb.go:118.2,118.46 1 0
github.com/smanhack/gophkeeper/pkg/api/user_grpc.pb.go:121.159,123.32 2 0
github.com/smanhack/gophkeeper/pkg/api/user_grpc.pb.go:123.32,125.3 1 0
github.com/smanhack/gophkeeper/pkg/api/user_grpc.pb.go:126.2,126.24 1 0
github.com/smanhack/gophkeeper/pkg/api/user_grpc.pb.go:126.24,128.3 1 0
github.com/smanhack/gophkeeper/pkg/api/user_grpc.pb.go:129.2,133.77 2 0
github.com/smanhack/gophkeeper/pkg/api/user_grpc.pb.go:133.77,135.3 1 0
github.com/smanhack/gophkeeper/pkg/api/user_grpc.pb.go:136.2,136.44 1 0
github.com/smanhack/gophkeeper/pkg/api/user_grpc.pb.go:139.165,141.32 2 0
github.com/smanhack/gophkeeper/pkg/api/user_grpc.pb.go:141.32,143.3 1 0
github.com/smanhack/gophkeeper/pkg/api/user_grpc.pb.go:144.2,144.24 1 0
github.com/smanhack/gophkeeper/pkg/api/user_grpc.pb.go:144.24,146.3 1 0
github.com/smanhack/gophkeeper/pkg/api/user_grpc.pb.go:147.2,151.77 2 0
github.com/smanhack/gophkeeper/pkg/api/user_grpc.pb.go:151.77,153.3 1 0
github.com/smanhack/gophkeeper/pkg/api/user_grpc.pb.go:154.2,154.44 1 0
github.com/smanhack/gophkeeper/pkg/api/user_grpc.pb.go:157.159,159.32 2 0
github.com/smanhack/gophkeeper/pkg/api/user_grpc.pb.go:159.32,161.3 1 0
github.com/smanhack/gophkeeper/pkg/api/user_grpc.pb.go:162.2,162.24 1 0
github.com/smanhack/gophkeeper/pkg/api/user_grpc.pb.go:162.24,164.3 1 0
github.com/smanhack/gophkeeper/pkg/api/user_grpc.pb.go:165.2,169.77 2 0
github.com/smanhack/gophkeeper/pkg/api/user_grpc.pb.go:169.77,171.3 1 0
github.com/smanhack/gophkeeper/pkg/api/user_grpc.pb.go:172.2,172.44 1 0
github.com/smanhack/gophkeeper/pkg/logger/logger.go:21.30,22.17 1 0
github.com/smanhack/gophkeeper/pkg/logger/logger.go:22.17,27.17 4 0
github.com/smanhack/gophkeeper/pkg/logger/logger.go:27.17,29.4 1 0
github.com/smanhack/gophkeeper/pkg/logger/logger.go:31.3,31.21 1 0
github.com/smanhack/gophkeeper/pkg/logger/logger.go:31.21,33.4 1 0
github.com/smanhack/gophkeeper/pkg/logger/logger.go:33.9,35.4 1 0
github.com/smanhack/gophkeeper/pkg/logger/logger.go:37.3,39.17 3 0
github.com/smanhack/gophkeeper/pkg/logger/logger.go:39.17,41.4 1 0
github.com/smanhack/gophkeeper/pkg/logger/logger.go:44.2,44.11 1 0
github.com/smanhack/gophkeeper/pkg/jwt/jwt.go:21.53,23.16 2 0
github.com/smanhack/gophkeeper/pkg/jwt/jwt.go:23.16,25.3 1 0
github.com/smanhack/gophkeeper/pkg/jwt/jwt.go:27.2,30.8 1 0
github.com/smanhack/gophkeeper/pkg/jwt/jwt.go:34.48,50.2 5 0
github.com/smanhack/gophkeeper/pkg/jwt/jwt.go:53.53,56.16 3 0
github.com/smanhack/gophkeeper/pkg/jwt/jwt.go:56.16,58.3 1 0
github.com/smanhack/gophkeeper/pkg/jwt/jwt.go:60.2,60.28 1 0
github.com/smanhack/gophkeeper/pkg/jwt/jwt.go:60.28,62.3 1 0
github.com/smanhack/gophkeeper/pkg/jwt/jwt.go:64.2,64.24 1 0
github.com/smanhack/gophkeeper/pkg/jwt/jwt.go:68.63,70.36 2 0
github.com/smanhack/gophkeeper/pkg/jwt/jwt.go:70.36,72.3 1 0
github.com/smanhack/gophkeeper/pkg/jwt/jwt.go:73.2,73.19 1 0
github.com/smanhack/gophkeeper/pkg/server/grpc.go:34.57,35.34 1 0
github.com/smanhack/gophkeeper/pkg/server/grpc.go:35.34,37.3 1 0
github.com/smanhack/gophkeeper/pkg/server/grpc.go:41.49,42.34 1 0
github.com/smanhack/gophkeeper/pkg/server/grpc.go:42.34,44.3 1 0
github.com/smanhack/gophkeeper/pkg/server/grpc.go:48.50,49.34 1 0
github.com/smanhack/gophkeeper/pkg/server/grpc.go:49.34,51.3 1 0
github.com/smanhack/gophkeeper/pkg/server/grpc.go:55.82,56.34 1 0
github.com/smanhack/gophkeeper/pkg/server/grpc.go:56.34,58.3 1 0
github.com/smanhack/gophkeeper/pkg/server/grpc.go:62.80,63.34 1 0
github.com/smanhack/gophkeeper/pkg/server/grpc.go:63.34,65.3 1 0
github.com/smanhack/gophkeeper/pkg/server/grpc.go:69.58,72.30 2 0
github.com/smanhack/gophkeeper/pkg/server/grpc.go:72.30,74.3 1 0
github.com/smanhack/gophkeeper/pkg/server/grpc.go:76.2,76.10 1 0
github.com/smanhack/gophkeeper/pkg/server/grpc.go:81.60,82.35 1 0
github.com/smanhack/gophkeeper/pkg/server/grpc.go:82.35,84.3 1 0
github.com/smanhack/gophkeeper/pkg/server/grpc.go:88.55,90.16 2 0
github.com/smanhack/gophkeeper/pkg/server/grpc.go:90.16,94.3 3 0
github.com/smanhack/gophkeeper/pkg/server/grpc.go:97.2,100.22 3 0
github.com/smanhack/gophkeeper/pkg/server/grpc.go:100.22,104.3 3 0
github.com/smanhack/gophkeeper/pkg/server/grpc.go:106.2,118.12 3 0
github.com/smanhack/gophkeeper/pkg/server/grpc.go:118.12,120.17 2 0
github.com/smanhack/gophkeeper/pkg/server/grpc.go:120.17,123.4 2 0
github.com/smanhack/gophkeeper/pkg/server/grpc.go:126.2,126.73 1 0
github.com/smanhack/gophkeeper/pkg/server/grpc.go:130.29,133.21 2 0
github.com/smanhack/gophkeeper/pkg/server/grpc.go:133.21,135.3 1 0
github.com/smanhack/gophkeeper/pkg/server/grpc.go:137.2,137.38 1 0
github.com/smanhack/gophkeeper/pkg/migrations/migrations.go:18.61,20.2 1 0
github.com/smanhack/gophkeeper/pkg/migrations/migrations.go:22.39,24.16 2 0
github.com/smanhack/gophkeeper/pkg/migrations/migrations.go:24.16,26.3 1 0
github.com/smanhack/gophkeeper/pkg/migrations/migrations.go:27.2,27.15 1 0
github.com/smanhack/gophkeeper/pkg/migrations/migrations.go:27.15,28.56 1 0
github.com/smanhack/gophkeeper/pkg/migrations/migrations.go:28.56,30.4 1 0
github.com/smanhack/gophkeeper/pkg/migrations/migrations.go:33.2,33.69 1 0
github.com/smanhack/gophkeeper/pkg/migrations/migrations.go:33.69,35.3 1 0
github.com/smanhack/gophkeeper/pkg/migrations/migrations.go:37.2,37.12 1 0
github.com/smanhack/gophkeeper/pkg/migrations/migrations.go:40.48,41.37 1 0
github.com/smanhack/gophkeeper/pkg/migrations/migrations.go:41.37,43.3 1 0
github.com/smanhack/gophkeeper/pkg/migrations/migrations.go:44.2,44.35 1 0
github.com/smanhack/gophkeeper/pkg/migrations/migrations.go:44.35,46.3 1 0
github.com/smanhack/gophkeeper/pkg/migrations/migrations.go:47.2,47.12 1 0
github.com/smanhack/gophkeeper/pkg/migrations/migrations.go:50.45,52.16 2 0
github.com/smanhack/gophkeeper/pkg/migrations/migrations.go:52.16,54.3 1 0
github.com/smanhack/gophkeeper/pkg/migrations/migrations.go:55.2,55.15 1 0
github.com/smanhack/gophkeeper/pkg/migrations/migrations.go:55.15,56.56 1 0
github.com/smanhack/gophkeeper/pkg/migrations/migrations.go:56.56,58.4 1 0
github.com/smanhack/gophkeeper/pkg/migrations/migrations.go:61.2,61.40 1 0
github.com/smanhack/gophkeeper/pkg/migrations/migrations.go:61.40,63.3 1 0
github.com/smanhack/gophkeeper/pkg/migrations/migrations.go:65.2,65.12 1 0
github.com/smanhack/gophkeeper/pkg/migrations/migrations.go:68.43,70.16 2 0
github.com/smanhack/gophkeeper/pkg/migrations/migrations.go:70.16,72.3 1 0
github.com/smanhack/gophkeeper/pkg/migrations/migrations.go:73.2,73.15 1 0
github.com/smanhack/gophkeeper/pkg/migrations/migrations.go:73.15,74.56 1 0
github.com/smanhack/gophkeeper/pkg/migrations/migrations.go:74.56,76.4 1 0
github.com/smanhack/gophkeeper/pkg/migrations/migrations.go:79.2,79.68 1 0
github.com/smanhack/gophkeeper/pkg/migrations/migrations.go:79.68,81.3 1 0
github.com/smanhack/gophkeeper/pkg/migrations/migrations.go:83.2,83.12 1 0
github.com/smanhack/gophkeeper/pkg/testdb/testdb.go:30.39,31.15 1 0
github.com/smanhack/gophkeeper/pkg/testdb/testdb.go:31.15,33.3 1 0
github.com/smanhack/gophkeeper/pkg/testdb/testdb.go:35.2,36.16 2 0
github.com/smanhack/gophkeeper/pkg/testdb/testdb.go:36.16,38.3 1 0
github.com/smanhack/gophkeeper/pkg/testdb/testdb.go:40.2,43.8 1 0
github.com/smanhack/gophkeeper/pkg/testdb/testdb.go:46.26,47.45 1 0
github.com/smanhack/gophkeeper/pkg/testdb/testdb.go:47.45,49.3 1 0
github.com/smanhack/gophkeeper/pkg/testdb/testdb.go:50.2,50.23 1 0
github.com/smanhack/gophkeeper/pkg/testdb/testdb.go:53.34,56.45 2 0
github.com/smanhack/gophkeeper/pkg/testdb/testdb.go:56.45,58.3 1 0
github.com/smanhack/gophkeeper/pkg/testdb/testdb.go:60.2,61.16 2 0
github.com/smanhack/gophkeeper/pkg/testdb/testdb.go:61.16,63.3 1 0
github.com/smanhack/gophkeeper/pkg/testdb/testdb.go:65.2,65.47 1 0
github.com/smanhack/gophkeeper/pkg/testdb/testdb.go:65.47,67.3 1 0
github.com/smanhack/gophkeeper/pkg/testdb/testdb.go:69.2,69.19 1 0
github.com/smanhack/gophkeeper/pkg/testdb/testdb.go:69.19,70.50 1 0
github.com/smanhack/gophkeeper/pkg/testdb/testdb.go:70.50,72.4 1 0
github.com/smanhack/gophkeeper/pkg/testdb/testdb.go:75.2,75.15 1 0
github.com/smanhack/gophkeeper/pkg/testdb/testdb.go:78.33,81.16 3 0
github.com/smanhack/gophkeeper/pkg/testdb/testdb.go:81.16,83.3 1 0
github.com/smanhack/gophkeeper/pkg/testdb/testdb.go:84.2,84.15 1 0
github.com/smanhack/gophkeeper/pkg/testdb/testdb.go:84.15,85.68 1 0
github.com/smanhack/gophkeeper/pkg/testdb/testdb.go:85.68,87.4 1 0
github.com/smanhack/gophkeeper/pkg/testdb/testdb.go:90.2,94.16 3 0
github.com/smanhack/gophkeeper/pkg/testdb/testdb.go:94.16,96.3 1 0
github.com/smanhack/gophkeeper/pkg/testdb/testdb.go:98.2,98.13 1 0
github.com/smanhack/gophkeeper/pkg/testdb/testdb.go:98.13,100.17 2 0
github.com/smanhack/gophkeeper/pkg/testdb/testdb.go:100.17,102.4 1 0
github.com/smanhack/gophkeeper/pkg/testdb/testdb.go:103.3,103.57 1 0
github.com/smanhack/gophkeeper/pkg/testdb/testdb.go:106.2,106.12 1 0
github.com/smanhack/gophkeeper/pkg/testdb/testdb.go:109.42,111.16 2 0
github.com/smanhack/gophkeeper/pkg/testdb/testdb.go:111.16,113.3 1 0
github.com/smanhack/gophkeeper/pkg/testdb/testdb.go:115.2,116.6 2 0
github.com/smanhack/gophkeeper/pkg/testdb/testdb.go:116.6,117.74 1 0
github.com/smanhack/gophkeeper/pkg/testdb/testdb.go:117.74,118.9 1 0
github.com/smanhack/gophkeeper/pkg/testdb/testdb.go:120.3,121.28 2 0
github.com/smanhack/gophkeeper/pkg/testdb/testdb.go:121.28,123.4 1 0
github.com/smanhack/gophkeeper/pkg/testdb/testdb.go:124.3,124.23 1 0
github.com/smanhack/gophkeeper/pkg/testdb/testdb.go:127.2,129.59 2 0
github.com/smanhack/gophkeeper/pkg/testdb/testdb.go:129.59,131.3 1 0
github.com/smanhack/gophkeeper/pkg/testdb/testdb.go:133.2,134.15 2 0
github.com/smanhack/gophkeeper/pkg/testdb/testdb.go:134.15,135.46 1 0
github.com/smanhack/gophkeeper/pkg/testdb/testdb.go:135.46,137.4 1 0
github.com/smanhack/gophkeeper/pkg/testdb/testdb.go:140.2,141.16 2 0
github.com/smanhack/gophkeeper/pkg/testdb/testdb.go:141.16,143.3 1 0
github.com/smanhack/gophkeeper/pkg/testdb/testdb.go:145.2,150.16 2 0
github.com/smanhack/gophkeeper/pkg/testdb/testdb.go:150.16,152.3 1 0
github.com/smanhack/gophkeeper/pkg/testdb/testdb.go:153.2,153.15 1 0
github.com/smanhack/gophkeeper/pkg/testdb/testdb.go:153.15,154.48 1 0
github.com/smanhack/gophkeeper/pkg/testdb/testdb.go:154.48,156.4 1 0
github.com/smanhack/gophkeeper/pkg/testdb/testdb.go:159.2,159.61 1 0
github.com/smanhack/gophkeeper/pkg/testdb/testdb.go:159.61,161.3 1 0
github.com/smanhack/gophkeeper/pkg/testdb/testdb.go:163.2,163.12 1 0
github.com/smanhack/gophkeeper/pkg/testdb/testdb.go:166.46,175.16 3 0
github.com/smanhack/gophkeeper/pkg/testdb/testdb.go:175.16,177.3 1 0
github.com/smanhack/gophkeeper/pkg/testdb/testdb.go:178.2,181.18 3 0
github.com/smanhack/gophkeeper/pkg/testdb/testdb.go:181.18,183.47 2 0
github.com/smanhack/gophkeeper/pkg/testdb/testdb.go:183.47,185.4 1 0
github.com/smanhack/gophkeeper/pkg/testdb/testdb.go:186.3,186.37 1 0
github.com/smanhack/gophkeeper/pkg/testdb/testdb.go:189.2,189.21 1 0
github.com/smanhack/gophkeeper/pkg/testdb/testdb.go:189.21,190.32 1 0
github.com/smanhack/gophkeeper/pkg/testdb/testdb.go:190.32,192.18 2 0
github.com/smanhack/gophkeeper/pkg/testdb/testdb.go:192.18,194.5 1 0
github.com/smanhack/gophkeeper/pkg/testdb/testdb.go:198.2,203.16 2 0
github.com/smanhack/gophkeeper/pkg/testdb/testdb.go:203.16,205.3 1 0
github.com/smanhack/gophkeeper/pkg/testdb/testdb.go:207.2,207.12 1 0
github.com/smanhack/gophkeeper/pkg/testdb/testdb.go:210.37,212.2 1 0
github.com/smanhack/gophkeeper/pkg/testdb/testdb.go:214.34,215.21 1 0
github.com/smanhack/gophkeeper/pkg/testdb/testdb.go:215.21,217.3 1 0
github.com/smanhack/gophkeeper/pkg/testdb/testdb.go:218.2,218.12 1 0
github.com/smanhack/gophkeeper/pkg/testdb/testdb.go:221.71,228.16 4 0
github.com/smanhack/gophkeeper/pkg/testdb/testdb.go:228.16,230.3 1 0
github.com/smanhack/gophkeeper/pkg/testdb/testdb.go:232.2,232.20 1 0
github.com/smanhack/gophkeeper/pkg/testdb/testdb.go:235.107,244.16 5 0
github.com/smanhack/gophkeeper/pkg/testdb/testdb.go:244.16,246.3 1 0
github.com/smanhack/gophkeeper/pkg/testdb/testdb.go:248.2,248.22 1 0
github.com/smanhack/gophkeeper/pkg/testdb/testdb.go:251.57,258.6 5 0
github.com/smanhack/gophkeeper/pkg/testdb/testdb.go:258.6,259.10 1 0
github.com/smanhack/gophkeeper/pkg/testdb/testdb.go:260.21,261.65 1 0
github.com/smanhack/gophkeeper/pkg/testdb/testdb.go:262.19,264.18 2 0
github.com/smanhack/gophkeeper/pkg/testdb/testdb.go:264.18,265.13 1 0
github.com/smanhack/gophkeeper/pkg/testdb/testdb.go:268.4,268.58 1 0
github.com/smanhack/gophkeeper/pkg/testdb/testdb.go:268.58,269.70 1 0
github.com/smanhack/gophkeeper/pkg/testdb/testdb.go:269.70,271.6 1 0
github.com/smanhack/gophkeeper/pkg/testdb/testdb.go:272.5,272.13 1 0
github.com/smanhack/gophkeeper/pkg/testdb/testdb.go:275.4,275.69 1 0
github.com/smanhack/gophkeeper/pkg/testdb/testdb.go:275.69,277.5 1 0
github.com/smanhack/gophkeeper/pkg/testdb/testdb.go:278.4,278.14 1 0
github.com/smanhack/gophkeeper/internal/server/service/secret_grpc.go:27.70,31.2 1 1
github.com/smanhack/gophkeeper/internal/server/service/secret_grpc.go:33.69,35.2 1 1
github.com/smanhack/gophkeeper/internal/server/service/secret_grpc.go:37.115,50.16 4 1
github.com/smanhack/gophkeeper/internal/server/service/secret_grpc.go:50.16,52.3 1 0
github.com/smanhack/gophkeeper/internal/server/service/secret_grpc.go:54.2,55.24 2 1
github.com/smanhack/gophkeeper/internal/server/service/secret_grpc.go:55.24,57.3 1 0
github.com/smanhack/gophkeeper/internal/server/service/secret_grpc.go:57.8,59.3 1 1
github.com/smanhack/gophkeeper/internal/server/service/secret_grpc.go:61.2,68.8 1 1
github.com/smanhack/gophkeeper/internal/server/service/secret_grpc.go:71.115,80.16 4 1
github.com/smanhack/gophkeeper/internal/server/service/secret_grpc.go:80.16,81.36 1 1
github.com/smanhack/gophkeeper/internal/server/service/secret_grpc.go:81.36,83.4 1 0
github.com/smanhack/gophkeeper/internal/server/service/secret_grpc.go:85.3,85.56 1 1
github.com/smanhack/gophkeeper/internal/server/service/secret_grpc.go:88.2,89.24 2 1
github.com/smanhack/gophkeeper/internal/server/service/secret_grpc.go:89.24,91.3 1 0
github.com/smanhack/gophkeeper/internal/server/service/secret_grpc.go:91.8,93.3 1 1
github.com/smanhack/gophkeeper/internal/server/service/secret_grpc.go:95.2,103.8 1 1
github.com/smanhack/gophkeeper/internal/server/service/secret_grpc.go:106.118,115.16 4 1
github.com/smanhack/gophkeeper/internal/server/service/secret_grpc.go:115.16,116.36 1 1
github.com/smanhack/gophkeeper/internal/server/service/secret_grpc.go:116.36,118.4 1 0
github.com/smanhack/gophkeeper/internal/server/service/secret_grpc.go:119.3,119.56 1 1
github.com/smanhack/gophkeeper/internal/server/service/secret_grpc.go:122.2,122.38 1 1
github.com/smanhack/gophkeeper/internal/server/service/secret_grpc.go:125.118,137.16 4 1
github.com/smanhack/gophkeeper/internal/server/service/secret_grpc.go:137.16,138.36 1 1
github.com/smanhack/gophkeeper/internal/server/service/secret_grpc.go:138.36,140.4 1 0
github.com/smanhack/gophkeeper/internal/server/service/secret_grpc.go:141.3,141.53 1 1
github.com/smanhack/gophkeeper/internal/server/service/secret_grpc.go:141.53,143.4 1 0
github.com/smanhack/gophkeeper/internal/server/service/secret_grpc.go:145.3,145.56 1 1
github.com/smanhack/gophkeeper/internal/server/service/secret_grpc.go:148.2,149.40 2 1
github.com/smanhack/gophkeeper/internal/server/service/secret_grpc.go:149.40,155.3 1 0
github.com/smanhack/gophkeeper/internal/server/service/secret_grpc.go:155.8,157.3 1 1
github.com/smanhack/gophkeeper/internal/server/service/secret_grpc.go:159.2,166.8 1 1
github.com/smanhack/gophkeeper/internal/server/service/secret_grpc.go:171.44,175.21 3 1
github.com/smanhack/gophkeeper/internal/server/service/secret_grpc.go:175.21,177.3 1 0
github.com/smanhack/gophkeeper/internal/server/service/secret_grpc.go:179.2,183.16 4 1
github.com/smanhack/gophkeeper/internal/server/service/secret_grpc.go:183.16,185.3 1 0
github.com/smanhack/gophkeeper/internal/server/service/secret_grpc.go:187.2,189.34 2 1
github.com/smanhack/gophkeeper/internal/server/service/secret_grpc.go:189.34,191.27 2 1
github.com/smanhack/gophkeeper/internal/server/service/secret_grpc.go:191.27,193.4 1 0
github.com/smanhack/gophkeeper/internal/server/service/secret_grpc.go:193.9,195.4 1 1
github.com/smanhack/gophkeeper/internal/server/service/secret_grpc.go:197.3,206.5 1 1
github.com/smanhack/gophkeeper/internal/server/service/secret_grpc.go:209.2,209.77 1 1
github.com/smanhack/gophkeeper/internal/server/service/secret_type_grpc.go:19.67,21.2 1 1
github.com/smanhack/gophkeeper/internal/server/service/secret_type_grpc.go:23.68,25.2 1 1
github.com/smanhack/gophkeeper/internal/server/service/secret_type_grpc.go:29.37,31.16 2 1
github.com/smanhack/gophkeeper/internal/server/service/secret_type_grpc.go:31.16,33.3 1 0
github.com/smanhack/gophkeeper/internal/server/service/secret_type_grpc.go:35.2,36.32 2 1
github.com/smanhack/gophkeeper/internal/server/service/secret_type_grpc.go:36.32,41.3 1 1
github.com/smanhack/gophkeeper/internal/server/service/secret_type_grpc.go:43.2,43.18 1 1
github.com/smanhack/gophkeeper/internal/server/service/user_grpc.go:28.89,34.2 1 1
github.com/smanhack/gophkeeper/internal/server/service/user_grpc.go:36.67,38.2 1 1
github.com/smanhack/gophkeeper/internal/server/service/user_grpc.go:40.104,44.45 3 1
github.com/smanhack/gophkeeper/internal/server/service/user_grpc.go:44.45,46.3 1 0
github.com/smanhack/gophkeeper/internal/server/service/user_grpc.go:48.2,50.40 2 1
github.com/smanhack/gophkeeper/internal/server/service/user_grpc.go:50.40,52.3 1 1
github.com/smanhack/gophkeeper/internal/server/service/user_grpc.go:54.2,54.16 1 1
github.com/smanhack/gophkeeper/internal/server/service/user_grpc.go:54.16,56.3 1 0
github.com/smanhack/gophkeeper/internal/server/service/user_grpc.go:58.2,59.21 2 1
github.com/smanhack/gophkeeper/internal/server/service/user_grpc.go:59.21,61.3 1 0
github.com/smanhack/gophkeeper/internal/server/service/user_grpc.go:63.2,63.64 1 1
github.com/smanhack/gophkeeper/internal/server/service/user_grpc.go:66.106,69.35 2 1
github.com/smanhack/gophkeeper/internal/server/service/user_grpc.go:69.35,71.3 1 0
github.com/smanhack/gophkeeper/internal/server/service/user_grpc.go:73.2,73.16 1 1
github.com/smanhack/gophkeeper/internal/server/service/user_grpc.go:73.16,75.3 1 1
github.com/smanhack/gophkeeper/internal/server/service/user_grpc.go:77.2,78.21 2 1
github.com/smanhack/gophkeeper/internal/server/service/user_grpc.go:78.21,80.3 1 0
github.com/smanhack/gophkeeper/internal/server/service/user_grpc.go:82.2,82.62 1 1
github.com/smanhack/gophkeeper/internal/server/service/user_grpc.go:85.104,89.16 3 1
github.com/smanhack/gophkeeper/internal/server/service/user_grpc.go:89.16,91.3 1 0
github.com/smanhack/gophkeeper/internal/server/service/user_grpc.go:93.2,94.22 2 1
github.com/smanhack/gophkeeper/internal/server/service/user_grpc.go:94.22,95.42 1 0
github.com/smanhack/gophkeeper/internal/server/service/user_grpc.go:95.42,97.4 1 0
github.com/smanhack/gophkeeper/internal/server/service/user_grpc.go:98.3,98.62 1 0
github.com/smanhack/gophkeeper/internal/server/service/user_grpc.go:101.2,101.34 1 1
github.com/smanhack/gophkeeper/pkg/utils/testing.go:13.41,18.16 4 0
github.com/smanhack/gophkeeper/pkg/utils/testing.go:18.16,19.13 1 0
github.com/smanhack/gophkeeper/pkg/utils/testing.go:22.2,23.20 2 0
github.com/smanhack/gophkeeper/pkg/utils/testing.go:23.20,24.17 1 0
github.com/smanhack/gophkeeper/pkg/utils/testing.go:27.2,27.12 1 0
github.com/smanhack/gophkeeper/pkg/utils/testing.go:30.28,32.47 2 0
github.com/smanhack/gophkeeper/pkg/utils/testing.go:32.47,33.13 1 0
github.com/smanhack/gophkeeper/internal/server/storage/postgres/secret.go:42.53,44.2 1 1
github.com/smanhack/gophkeeper/internal/server/storage/postgres/secret.go:46.106,53.16 4 1
github.com/smanhack/gophkeeper/internal/server/storage/postgres/secret.go:53.16,55.3 1 0
github.com/smanhack/gophkeeper/internal/server/storage/postgres/secret.go:57.2,57.18 1 1
github.com/smanhack/gophkeeper/internal/server/storage/postgres/secret.go:60.106,68.16 4 1
github.com/smanhack/gophkeeper/internal/server/storage/postgres/secret.go:68.16,69.37 1 1
github.com/smanhack/gophkeeper/internal/server/storage/postgres/secret.go:69.37,71.4 1 0
github.com/smanhack/gophkeeper/internal/server/storage/postgres/secret.go:73.3,73.68 1 1
github.com/smanhack/gophkeeper/internal/server/storage/postgres/secret.go:76.2,77.19 2 1
github.com/smanhack/gophkeeper/internal/server/storage/postgres/secret.go:77.19,79.3 1 0
github.com/smanhack/gophkeeper/internal/server/storage/postgres/secret.go:81.2,83.18 2 1
github.com/smanhack/gophkeeper/internal/server/storage/postgres/secret.go:86.107,92.16 5 1
github.com/smanhack/gophkeeper/internal/server/storage/postgres/secret.go:92.16,93.37 1 1
github.com/smanhack/gophkeeper/internal/server/storage/postgres/secret.go:93.37,95.4 1 0
github.com/smanhack/gophkeeper/internal/server/storage/postgres/secret.go:97.3,97.19 1 1
github.com/smanhack/gophkeeper/internal/server/storage/postgres/secret.go:100.2,100.32 1 1
github.com/smanhack/gophkeeper/internal/server/storage/postgres/secret.go:103.121,109.72 4 1
github.com/smanhack/gophkeeper/internal/server/storage/postgres/secret.go:109.72,111.3 1 1
github.com/smanhack/gophkeeper/internal/server/storage/postgres/secret.go:113.2,116.16 2 1
github.com/smanhack/gophkeeper/internal/server/storage/postgres/secret.go:116.16,117.37 1 0
github.com/smanhack/gophkeeper/internal/server/storage/postgres/secret.go:117.37,119.4 1 0
github.com/smanhack/gophkeeper/internal/server/storage/postgres/secret.go:121.3,121.19 1 0
github.com/smanhack/gophkeeper/internal/server/storage/postgres/secret.go:124.2,124.18 1 1
github.com/smanhack/gophkeeper/internal/server/storage/postgres/secret.go:129.31,136.16 5 1
github.com/smanhack/gophkeeper/internal/server/storage/postgres/secret.go:136.16,138.3 1 0
github.com/smanhack/gophkeeper/internal/server/storage/postgres/secret.go:139.2,141.18 2 1
github.com/smanhack/gophkeeper/internal/server/storage/postgres/secret.go:141.18,153.21 2 1
github.com/smanhack/gophkeeper/internal/server/storage/postgres/secret.go:153.21,155.4 1 0
github.com/smanhack/gophkeeper/internal/server/storage/postgres/secret.go:157.3,158.17 2 1
github.com/smanhack/gophkeeper/internal/server/storage/postgres/secret.go:158.17,160.4 1 0
github.com/smanhack/gophkeeper/internal/server/storage/postgres/secret.go:162.3,162.42 1 1
github.com/smanhack/gophkeeper/internal/server/storage/postgres/secret.go:165.2,165.25 1 1
github.com/smanhack/gophkeeper/internal/server/storage/postgres/secret_type.go:20.51,22.2 1 1
github.com/smanhack/gophkeeper/internal/server/storage/postgres/secret_type.go:24.91,28.16 3 1
github.com/smanhack/gophkeeper/internal/server/storage/postgres/secret_type.go:28.16,30.3 1 0
github.com/smanhack/gophkeeper/internal/server/storage/postgres/secret_type.go:32.2,32.18 1 1
github.com/smanhack/gophkeeper/internal/server/storage/postgres/secret_type.go:32.18,34.50 2 1
github.com/smanhack/gophkeeper/internal/server/storage/postgres/secret_type.go:34.50,36.4 1 0
github.com/smanhack/gophkeeper/internal/server/storage/postgres/secret_type.go:38.3,38.25 1 1
github.com/smanhack/gophkeeper/internal/server/storage/postgres/secret_type.go:41.2,41.18 1 1
github.com/smanhack/gophkeeper/internal/server/storage/postgres/testhelpers.go:18.46,22.21 2 1
github.com/smanhack/gophkeeper/internal/server/storage/postgres/testhelpers.go:22.21,24.3 1 0
github.com/smanhack/gophkeeper/internal/server/storage/postgres/testhelpers.go:27.2,32.3 2 1
github.com/smanhack/gophkeeper/internal/server/storage/postgres/testhelpers.go:35.42,37.2 1 1
github.com/smanhack/gophkeeper/internal/server/storage/postgres/testhelpers.go:39.50,42.53 2 1
github.com/smanhack/gophkeeper/internal/server/storage/postgres/testhelpers.go:42.53,44.3 1 0
github.com/smanhack/gophkeeper/internal/server/storage/postgres/testhelpers.go:47.82,51.16 3 1
github.com/smanhack/gophkeeper/internal/server/storage/postgres/testhelpers.go:51.16,53.3 1 0
github.com/smanhack/gophkeeper/internal/server/storage/postgres/testhelpers.go:55.2,55.15 1 1
github.com/smanhack/gophkeeper/internal/server/storage/postgres/testhelpers.go:58.118,62.16 3 1
github.com/smanhack/gophkeeper/internal/server/storage/postgres/testhelpers.go:62.16,64.3 1 0
github.com/smanhack/gophkeeper/internal/server/storage/postgres/testhelpers.go:66.2,66.17 1 1
github.com/smanhack/gophkeeper/internal/server/storage/postgres/testhelpers.go:69.46,73.16 3 0
github.com/smanhack/gophkeeper/internal/server/storage/postgres/testhelpers.go:73.16,75.3 1 0
github.com/smanhack/gophkeeper/internal/server/storage/postgres/testhelpers.go:78.68,84.16 4 1
github.com/smanhack/gophkeeper/internal/server/storage/postgres/testhelpers.go:84.16,86.3 1 0
github.com/smanhack/gophkeeper/internal/server/storage/postgres/testhelpers.go:88.2,88.13 1 1
github.com/smanhack/gophkeeper/internal/server/storage/postgres/testhelpers.go:88.13,90.3 1 0
github.com/smanhack/gophkeeper/internal/server/storage/postgres/testhelpers.go:93.71,100.16 4 0
github.com/smanhack/gophkeeper/internal/server/storage/postgres/testhelpers.go:100.16,102.3 1 0
github.com/smanhack/gophkeeper/internal/server/storage/postgres/testhelpers.go:104.2,104.13 1 0
github.com/smanhack/gophkeeper/internal/server/storage/postgres/testhelpers.go:104.13,106.3 1 0
github.com/smanhack/gophkeeper/internal/server/storage/postgres/testhelpers.go:109.72,116.16 4 0
github.com/smanhack/gophkeeper/internal/server/storage/postgres/testhelpers.go:116.16,118.3 1 0
github.com/smanhack/gophkeeper/internal/server/storage/postgres/testhelpers.go:120.2,120.22 1 0
github.com/smanhack/gophkeeper/internal/server/storage/postgres/testhelpers.go:120.22,122.3 1 0
github.com/smanhack/gophkeeper/internal/server/storage/postgres/testhelpers.go:125.60,130.16 4 0
github.com/smanhack/gophkeeper/internal/server/storage/postgres/testhelpers.go:130.16,132.3 1 0
github.com/smanhack/gophkeeper/internal/server/storage/postgres/testhelpers.go:134.2,134.14 1 0
github.com/smanhack/gophkeeper/internal/server/storage/postgres/testhelpers.go:137.82,141.16 3 1
github.com/smanhack/gophkeeper/internal/server/storage/postgres/testhelpers.go:141.16,143.3 1 0
github.com/smanhack/gophkeeper/internal/server/storage/postgres/testhelpers.go:146.91,150.2 2 0
github.com/smanhack/gophkeeper/internal/server/storage/postgres/user.go:27.49,29.2 1 1
github.com/smanhack/gophkeeper/internal/server/storage/postgres/user.go:31.103,36.16 4 1
github.com/smanhack/gophkeeper/internal/server/storage/postgres/user.go:36.16,37.45 1 1
github.com/smanhack/gophkeeper/internal/server/storage/postgres/user.go:37.45,38.60 1 1
github.com/smanhack/gophkeeper/internal/server/storage/postgres/user.go:38.60,40.5 1 1
github.com/smanhack/gophkeeper/internal/server/storage/postgres/user.go:43.3,43.63 1 0
github.com/smanhack/gophkeeper/internal/server/storage/postgres/user.go:46.2,46.21 1 1
github.com/smanhack/gophkeeper/internal/server/storage/postgres/user.go:49.108,54.16 4 1
github.com/smanhack/gophkeeper/internal/server/storage/postgres/user.go:54.16,56.3 1 1
github.com/smanhack/gophkeeper/internal/server/storage/postgres/user.go:58.2,58.21 1 1
github.com/smanhack/gophkeeper/internal/server/storage/postgres/user.go:61.104,67.16 5 1
github.com/smanhack/gophkeeper/internal/server/storage/postgres/user.go:67.16,68.36 1 1
github.com/smanhack/gophkeeper/internal/server/storage/postgres/user.go:68.36,70.4 1 1
github.com/smanhack/gophkeeper/internal/server/storage/postgres/user.go:72.3,72.62 1 0
github.com/smanhack/gophkeeper/internal/server/storage/postgres/user.go:75.2,75.29 1 1
